Product: MDK-ARM Standard 5.10
Component: ARM Compiler 5.04 update 1 (build 49)
Tool: armlink [5040049]

==============================================================================

Section Cross References

    startup_nuc1xx.o(STACK) refers (Special) to heapauxi.o(.text) for __use_two_region_memory
    startup_nuc1xx.o(HEAP) refers (Special) to heapauxi.o(.text) for __use_two_region_memory
    startup_nuc1xx.o(RESET) refers (Special) to heapauxi.o(.text) for __use_two_region_memory
    startup_nuc1xx.o(RESET) refers to startup_nuc1xx.o(STACK) for __initial_sp
    startup_nuc1xx.o(RESET) refers to startup_nuc1xx.o(.text) for Reset_Handler
    startup_nuc1xx.o(RESET) refers to drvsys.o(.text) for BOD_IRQHandler
    startup_nuc1xx.o(RESET) refers to drvgpio.o(.text) for EINT0_IRQHandler
    startup_nuc1xx.o(RESET) refers to lab1_0671.o(.text) for TMR0_IRQHandler
    startup_nuc1xx.o(.text) refers (Special) to heapauxi.o(.text) for __use_two_region_memory
    startup_nuc1xx.o(.text) refers to system_nuc1xx.o(.text) for SystemInit
    startup_nuc1xx.o(.text) refers to lab1_0671.o(.text) for main
    startup_nuc1xx.o(.text) refers to startup_nuc1xx.o(HEAP) for Heap_Mem
    startup_nuc1xx.o(.text) refers to startup_nuc1xx.o(STACK) for Stack_Mem
    system_nuc1xx.o(.text) refers to aeabi_sdiv.o(.text) for __aeabi_uidivmod
    system_nuc1xx.o(.text) refers to system_nuc1xx.o(.data) for gau32ClkSrcTbl
    lab1_0671.o(.text) refers to drvgpio.o(.text) for DrvGPIO_ClrBit
    lab1_0671.o(.text) refers to drvsys.o(.text) for DrvSYS_Delay
    lab1_0671.o(.text) refers to lab1_0671.o(.data) for led
    drvgpio.o(.text) refers to drvgpio.o(.data) for _pfGPABCallback
    drvgpio.o(.text) refers to drvgpio.o(i.__ARM_common_switch8) for __ARM_common_switch8
    drvsys.o(.text) refers to system_nuc1xx.o(.text) for SystemCoreClockUpdate
    drvsys.o(.text) refers to drvgpio.o(i.__ARM_common_switch8) for __ARM_common_switch8
    drvsys.o(.text) refers to drvsys.o(.data) for BOD_callbackFn
    drvsys.o(.text) refers to aeabi_sdiv.o(.text) for __aeabi_uidivmod
    drvsys.o(.text) refers to drvsys.o(.constdata) for .constdata
    drvsys.o(.text) refers to system_nuc1xx.o(.data) for CyclesPerUs
    __main.o(!!!main) refers to rtentry.o(.ARM.Collect$$rtentry$$00000000) for __rt_entry
    rtentry.o(.ARM.Collect$$rtentry$$00000000) refers (Special) to rtentry2.o(.ARM.Collect$$rtentry$$0000000A) for __rt_entry_li
    rtentry.o(.ARM.Collect$$rtentry$$00000000) refers (Special) to rtentry2.o(.ARM.Collect$$rtentry$$0000000D) for __rt_entry_main
    rtentry.o(.ARM.Collect$$rtentry$$00000000) refers (Special) to rtentry2.o(.ARM.Collect$$rtentry$$0000000C) for __rt_entry_postli_1
    rtentry.o(.ARM.Collect$$rtentry$$00000000) refers (Special) to rtentry2.o(.ARM.Collect$$rtentry$$00000009) for __rt_entry_postsh_1
    rtentry.o(.ARM.Collect$$rtentry$$00000000) refers (Special) to rtentry2.o(.ARM.Collect$$rtentry$$00000002) for __rt_entry_presh_1
    rtentry.o(.ARM.Collect$$rtentry$$00000000) refers (Special) to rtentry4.o(.ARM.Collect$$rtentry$$00000004) for __rt_entry_sh
    aeabi_idiv0_sigfpe.o(.text) refers to rt_div0.o(.text) for __rt_div0
    rtentry2.o(.ARM.Collect$$rtentry$$00000008) refers to boardinit2.o(.text) for _platform_post_stackheap_init
    rtentry2.o(.ARM.Collect$$rtentry$$0000000A) refers to libinit.o(.ARM.Collect$$libinit$$00000000) for __rt_lib_init
    rtentry2.o(.ARM.Collect$$rtentry$$0000000B) refers to boardinit3.o(.text) for _platform_post_lib_init
    rtentry2.o(.ARM.Collect$$rtentry$$0000000D) refers to lab1_0671.o(.text) for main
    rtentry2.o(.ARM.Collect$$rtentry$$0000000D) refers to exit.o(.text) for exit
    rtentry2.o(.ARM.exidx) refers to rtentry2.o(.ARM.Collect$$rtentry$$00000001) for .ARM.Collect$$rtentry$$00000001
    rtentry2.o(.ARM.exidx) refers to rtentry2.o(.ARM.Collect$$rtentry$$00000008) for .ARM.Collect$$rtentry$$00000008
    rtentry2.o(.ARM.exidx) refers to rtentry2.o(.ARM.Collect$$rtentry$$0000000A) for .ARM.Collect$$rtentry$$0000000A
    rtentry2.o(.ARM.exidx) refers to rtentry2.o(.ARM.Collect$$rtentry$$0000000B) for .ARM.Collect$$rtentry$$0000000B
    rtentry2.o(.ARM.exidx) refers to rtentry2.o(.ARM.Collect$$rtentry$$0000000D) for .ARM.Collect$$rtentry$$0000000D
    rtentry4.o(.ARM.Collect$$rtentry$$00000004) refers to sys_stackheap_outer.o(.text) for __user_setup_stackheap
    rtentry4.o(.ARM.exidx) refers to rtentry4.o(.ARM.Collect$$rtentry$$00000004) for .ARM.Collect$$rtentry$$00000004
    rt_div0.o(.text) refers to defsig_fpe_outer.o(.text) for __rt_SIGFPE
    sys_stackheap_outer.o(.text) refers to libspace.o(.text) for __user_perproc_libspace
    sys_stackheap_outer.o(.text) refers to startup_nuc1xx.o(.text) for __user_initial_stackheap
    sys_stackheap_outer.o(__vectab_stack_and_reset_area) refers to tempstk.o(.text) for __temporary_stack_top
    sys_stackheap_outer.o(__vectab_stack_and_reset_area) refers to __main.o(!!!main) for __main
    exit.o(.text) refers to rtexit.o(.ARM.Collect$$rtexit$$00000000) for __rt_exit
    defsig_fpe_outer.o(.text) refers to defsig_fpe_inner.o(.text) for __rt_SIGFPE_inner
    defsig_fpe_outer.o(.text) refers to defsig_exit.o(.text) for __sig_exit
    defsig_fpe_formal.o(.text) refers to rt_raise.o(.text) for __rt_raise
    libinit.o(.ARM.Collect$$libinit$$00000000) refers (Special) to libinit2.o(.ARM.Collect$$libinit$$0000002C) for __rt_lib_init_alloca_1
    libinit.o(.ARM.Collect$$libinit$$00000000) refers (Special) to libinit2.o(.ARM.Collect$$libinit$$0000002A) for __rt_lib_init_argv_1
    libinit.o(.ARM.Collect$$libinit$$00000000) refers (Special) to libinit2.o(.ARM.Collect$$libinit$$00000019) for __rt_lib_init_atexit_1
    libinit.o(.ARM.Collect$$libinit$$00000000) refers (Special) to libinit2.o(.ARM.Collect$$libinit$$0000001F) for __rt_lib_init_clock_1
    libinit.o(.ARM.Collect$$libinit$$00000000) refers (Special) to libinit2.o(.ARM.Collect$$libinit$$00000030) for __rt_lib_init_cpp_1
    libinit.o(.ARM.Collect$$libinit$$00000000) refers (Special) to libinit2.o(.ARM.Collect$$libinit$$0000002E) for __rt_lib_init_exceptions_1
    libinit.o(.ARM.Collect$$libinit$$00000000) refers (Special) to libinit2.o(.ARM.Collect$$libinit$$00000001) for __rt_lib_init_fp_1
    libinit.o(.ARM.Collect$$libinit$$00000000) refers (Special) to libinit2.o(.ARM.Collect$$libinit$$0000001D) for __rt_lib_init_fp_trap_1
    libinit.o(.ARM.Collect$$libinit$$00000000) refers (Special) to libinit2.o(.ARM.Collect$$libinit$$00000021) for __rt_lib_init_getenv_1
    libinit.o(.ARM.Collect$$libinit$$00000000) refers (Special) to libinit2.o(.ARM.Collect$$libinit$$00000008) for __rt_lib_init_heap_1
    libinit.o(.ARM.Collect$$libinit$$00000000) refers (Special) to libinit2.o(.ARM.Collect$$libinit$$0000000F) for __rt_lib_init_lc_collate_1
    libinit.o(.ARM.Collect$$libinit$$00000000) refers (Special) to libinit2.o(.ARM.Collect$$libinit$$00000011) for __rt_lib_init_lc_ctype_1
    libinit.o(.ARM.Collect$$libinit$$00000000) refers (Special) to libinit2.o(.ARM.Collect$$libinit$$00000013) for __rt_lib_init_lc_monetary_1
    libinit.o(.ARM.Collect$$libinit$$00000000) refers (Special) to libinit2.o(.ARM.Collect$$libinit$$00000015) for __rt_lib_init_lc_numeric_1
    libinit.o(.ARM.Collect$$libinit$$00000000) refers (Special) to libinit2.o(.ARM.Collect$$libinit$$00000017) for __rt_lib_init_lc_time_1
    libinit.o(.ARM.Collect$$libinit$$00000000) refers (Special) to libinit2.o(.ARM.Collect$$libinit$$0000000C) for __rt_lib_init_rand_1
    libinit.o(.ARM.Collect$$libinit$$00000000) refers (Special) to libinit2.o(.ARM.Collect$$libinit$$00000031) for __rt_lib_init_return
    libinit.o(.ARM.Collect$$libinit$$00000000) refers (Special) to libinit2.o(.ARM.Collect$$libinit$$0000001B) for __rt_lib_init_signal_1
    libinit.o(.ARM.Collect$$libinit$$00000000) refers (Special) to libinit2.o(.ARM.Collect$$libinit$$00000023) for __rt_lib_init_stdio_1
    libinit.o(.ARM.Collect$$libinit$$00000000) refers (Special) to libinit2.o(.ARM.Collect$$libinit$$0000000A) for __rt_lib_init_user_alloc_1
    libspace.o(.text) refers to libspace.o(.bss) for __libspace_start
    rtexit.o(.ARM.Collect$$rtexit$$00000000) refers (Special) to rtexit2.o(.ARM.Collect$$rtexit$$00000004) for __rt_exit_exit
    rtexit.o(.ARM.Collect$$rtexit$$00000000) refers (Special) to rtexit2.o(.ARM.Collect$$rtexit$$00000003) for __rt_exit_ls
    rtexit.o(.ARM.Collect$$rtexit$$00000000) refers (Special) to rtexit2.o(.ARM.Collect$$rtexit$$00000002) for __rt_exit_prels_1
    rtexit.o(.ARM.exidx) refers (Special) to rtexit2.o(.ARM.Collect$$rtexit$$00000004) for __rt_exit_exit
    rtexit.o(.ARM.exidx) refers (Special) to rtexit2.o(.ARM.Collect$$rtexit$$00000003) for __rt_exit_ls
    rtexit.o(.ARM.exidx) refers (Special) to rtexit2.o(.ARM.Collect$$rtexit$$00000002) for __rt_exit_prels_1
    rtexit.o(.ARM.exidx) refers to rtexit.o(.ARM.Collect$$rtexit$$00000000) for .ARM.Collect$$rtexit$$00000000
    rt_raise.o(.text) refers to __raise.o(.text) for __raise
    rt_raise.o(.text) refers to sys_exit.o(.text) for _sys_exit
    defsig_exit.o(.text) refers to sys_exit.o(.text) for _sys_exit
    defsig_fpe_inner.o(.text) refers to defsig_general.o(.text) for __default_signal_display
    libinit2.o(.ARM.Collect$$libinit$$0000000E) refers to libinit2.o(.ARM.Collect$$libinit$$0000000D) for .ARM.Collect$$libinit$$0000000D
    libinit2.o(.ARM.Collect$$libinit$$00000010) refers to libinit2.o(.ARM.Collect$$libinit$$0000000D) for .ARM.Collect$$libinit$$0000000D
    libinit2.o(.ARM.Collect$$libinit$$00000012) refers to libinit2.o(.ARM.Collect$$libinit$$0000000D) for .ARM.Collect$$libinit$$0000000D
    libinit2.o(.ARM.Collect$$libinit$$00000014) refers to libinit2.o(.ARM.Collect$$libinit$$0000000D) for .ARM.Collect$$libinit$$0000000D
    libinit2.o(.ARM.Collect$$libinit$$00000016) refers to libinit2.o(.ARM.Collect$$libinit$$0000000D) for .ARM.Collect$$libinit$$0000000D
    libinit2.o(.ARM.Collect$$libinit$$00000024) refers to argv_veneer.o(.text) for __ARM_argv_veneer
    libinit2.o(.ARM.Collect$$libinit$$00000025) refers to argv_veneer.o(.text) for __ARM_argv_veneer
    sys_exit.o(.text) refers (Special) to use_no_semi.o(.text) for __I$use$semihosting
    sys_exit.o(.text) refers (Special) to indicate_semi.o(.text) for __semihosting_library_function
    rtexit2.o(.ARM.Collect$$rtexit$$00000003) refers to libshutdown.o(.ARM.Collect$$libshutdown$$00000000) for __rt_lib_shutdown
    rtexit2.o(.ARM.Collect$$rtexit$$00000004) refers to sys_exit.o(.text) for _sys_exit
    rtexit2.o(.ARM.exidx) refers to rtexit2.o(.ARM.Collect$$rtexit$$00000001) for .ARM.Collect$$rtexit$$00000001
    rtexit2.o(.ARM.exidx) refers to rtexit2.o(.ARM.Collect$$rtexit$$00000003) for .ARM.Collect$$rtexit$$00000003
    rtexit2.o(.ARM.exidx) refers to rtexit2.o(.ARM.Collect$$rtexit$$00000004) for .ARM.Collect$$rtexit$$00000004
    __raise.o(.text) refers to defsig.o(CL$$defsig) for __default_signal_handler
    defsig_general.o(.text) refers to sys_wrch.o(.text) for _ttywrch
    sys_wrch.o(.text) refers (Special) to use_no_semi.o(.text) for __I$use$semihosting
    sys_wrch.o(.text) refers (Special) to indicate_semi.o(.text) for __semihosting_library_function
    defsig.o(CL$$defsig) refers to defsig_fpe_inner.o(.text) for __rt_SIGFPE_inner
    defsig.o(CL$$defsig) refers to defsig_rtmem_inner.o(.text) for __rt_SIGRTMEM_inner
    _get_argv_nomalloc.o(.text) refers (Special) to hrguard.o(.text) for __heap_region$guard
    _get_argv_nomalloc.o(.text) refers to defsig_rtmem_outer.o(.text) for __rt_SIGRTMEM
    _get_argv_nomalloc.o(.text) refers to sys_command.o(.text) for _sys_command_string
    libshutdown.o(.ARM.Collect$$libshutdown$$00000000) refers (Special) to libshutdown2.o(.ARM.Collect$$libshutdown$$00000006) for __rt_lib_shutdown_fp_trap_1
    libshutdown.o(.ARM.Collect$$libshutdown$$00000000) refers (Special) to libshutdown2.o(.ARM.Collect$$libshutdown$$0000000E) for __rt_lib_shutdown_heap_1
    libshutdown.o(.ARM.Collect$$libshutdown$$00000000) refers (Special) to libshutdown2.o(.ARM.Collect$$libshutdown$$0000000F) for __rt_lib_shutdown_return
    libshutdown.o(.ARM.Collect$$libshutdown$$00000000) refers (Special) to libshutdown2.o(.ARM.Collect$$libshutdown$$00000009) for __rt_lib_shutdown_signal_1
    libshutdown.o(.ARM.Collect$$libshutdown$$00000000) refers (Special) to libshutdown2.o(.ARM.Collect$$libshutdown$$00000003) for __rt_lib_shutdown_stdio_1
    libshutdown.o(.ARM.Collect$$libshutdown$$00000000) refers (Special) to libshutdown2.o(.ARM.Collect$$libshutdown$$0000000B) for __rt_lib_shutdown_user_alloc_1
    sys_command.o(.text) refers (Special) to use_no_semi.o(.text) for __I$use$semihosting
    sys_command.o(.text) refers (Special) to indicate_semi.o(.text) for __semihosting_library_function
    defsig_abrt_inner.o(.text) refers to defsig_general.o(.text) for __default_signal_display
    defsig_rtred_inner.o(.text) refers to defsig_general.o(.text) for __default_signal_display
    defsig_rtmem_inner.o(.text) refers to defsig_general.o(.text) for __default_signal_display
    defsig_rtmem_outer.o(.text) refers to defsig_rtmem_inner.o(.text) for __rt_SIGRTMEM_inner
    defsig_rtmem_outer.o(.text) refers to defsig_exit.o(.text) for __sig_exit
    defsig_rtmem_formal.o(.text) refers to rt_raise.o(.text) for __rt_raise
    defsig_stak_inner.o(.text) refers to defsig_general.o(.text) for __default_signal_display
    defsig_pvfn_inner.o(.text) refers to defsig_general.o(.text) for __default_signal_display
    defsig_cppl_inner.o(.text) refers to defsig_general.o(.text) for __default_signal_display
    defsig_segv_inner.o(.text) refers to defsig_general.o(.text) for __default_signal_display
    defsig_other.o(.text) refers to defsig_general.o(.text) for __default_signal_display


==============================================================================

Removing Unused input sections from the image.

    Removing core_cm0.o(.emb_text), (32 bytes).
    Removing ascii_table.o(.data), (1520 bytes).

2 unused section(s) (total 1552 bytes) removed from the image.

==============================================================================

Image Symbol Table

    Local Symbols

    Symbol Name                              Value     Ov Type        Size  Object(Section)

    RESET                                    0x00000000   Section      192  startup_nuc1xx.o(RESET)
    ../clib/angel/boardlib.s                 0x00000000   Number         0  boardinit1.o ABSOLUTE
    ../clib/angel/boardlib.s                 0x00000000   Number         0  boardinit2.o ABSOLUTE
    ../clib/angel/boardlib.s                 0x00000000   Number         0  boardinit3.o ABSOLUTE
    ../clib/angel/boardlib.s                 0x00000000   Number         0  boardshut.o ABSOLUTE
    ../clib/angel/handlers.s                 0x00000000   Number         0  __scatter_zi.o ABSOLUTE
    ../clib/angel/handlers.s                 0x00000000   Number         0  __scatter_copy.o ABSOLUTE
    ../clib/angel/kernel.s                   0x00000000   Number         0  rtentry2.o ABSOLUTE
    ../clib/angel/kernel.s                   0x00000000   Number         0  rtentry.o ABSOLUTE
    ../clib/angel/kernel.s                   0x00000000   Number         0  rtexit.o ABSOLUTE
    ../clib/angel/kernel.s                   0x00000000   Number         0  rtentry4.o ABSOLUTE
    ../clib/angel/kernel.s                   0x00000000   Number         0  rtexit2.o ABSOLUTE
    ../clib/angel/rt.s                       0x00000000   Number         0  aeabi_idiv0_sigfpe.o ABSOLUTE
    ../clib/angel/rt.s                       0x00000000   Number         0  aeabi_idiv0.o ABSOLUTE
    ../clib/angel/rt.s                       0x00000000   Number         0  rt_raise.o ABSOLUTE
    ../clib/angel/rt.s                       0x00000000   Number         0  rt_div0.o ABSOLUTE
    ../clib/angel/scatterp.s                 0x00000000   Number         0  __scatter.o ABSOLUTE
    ../clib/angel/startup.s                  0x00000000   Number         0  __main.o ABSOLUTE
    ../clib/angel/sys.s                      0x00000000   Number         0  indicate_semi.o ABSOLUTE
    ../clib/angel/sys.s                      0x00000000   Number         0  libspace.o ABSOLUTE
    ../clib/angel/sys.s                      0x00000000   Number         0  tempstk.o ABSOLUTE
    ../clib/angel/sys.s                      0x00000000   Number         0  use_no_semi.o ABSOLUTE
    ../clib/angel/sys.s                      0x00000000   Number         0  sys_stackheap_outer.o ABSOLUTE
    ../clib/angel/sysapp.c                   0x00000000   Number         0  sys_command.o ABSOLUTE
    ../clib/angel/sysapp.c                   0x00000000   Number         0  sys_wrch.o ABSOLUTE
    ../clib/angel/sysapp.c                   0x00000000   Number         0  sys_exit.o ABSOLUTE
    ../clib/armsys.c                         0x00000000   Number         0  no_argv.o ABSOLUTE
    ../clib/armsys.c                         0x00000000   Number         0  argv_veneer.o ABSOLUTE
    ../clib/armsys.c                         0x00000000   Number         0  _get_argv_nomalloc.o ABSOLUTE
    ../clib/division.s                       0x00000000   Number         0  aeabi_sdiv.o ABSOLUTE
    ../clib/division.s                       0x00000000   Number         0  aeabi_sdiv_div0.o ABSOLUTE
    ../clib/heapalloc.c                      0x00000000   Number         0  hrguard.o ABSOLUTE
    ../clib/heapaux.c                        0x00000000   Number         0  heapauxi.o ABSOLUTE
    ../clib/libinit.s                        0x00000000   Number         0  libshutdown.o ABSOLUTE
    ../clib/libinit.s                        0x00000000   Number         0  libinit.o ABSOLUTE
    ../clib/libinit.s                        0x00000000   Number         0  libshutdown2.o ABSOLUTE
    ../clib/libinit.s                        0x00000000   Number         0  libinit2.o ABSOLUTE
    ../clib/signal.c                         0x00000000   Number         0  defsig_exit.o ABSOLUTE
    ../clib/signal.c                         0x00000000   Number         0  defsig_segv_inner.o ABSOLUTE
    ../clib/signal.c                         0x00000000   Number         0  defsig_rtmem_formal.o ABSOLUTE
    ../clib/signal.c                         0x00000000   Number         0  defsig_other.o ABSOLUTE
    ../clib/signal.c                         0x00000000   Number         0  defsig_fpe_inner.o ABSOLUTE
    ../clib/signal.c                         0x00000000   Number         0  defsig_fpe_outer.o ABSOLUTE
    ../clib/signal.c                         0x00000000   Number         0  defsig_pvfn_inner.o ABSOLUTE
    ../clib/signal.c                         0x00000000   Number         0  defsig_abrt_inner.o ABSOLUTE
    ../clib/signal.c                         0x00000000   Number         0  defsig_fpe_formal.o ABSOLUTE
    ../clib/signal.c                         0x00000000   Number         0  defsig_rtred_inner.o ABSOLUTE
    ../clib/signal.c                         0x00000000   Number         0  defsig_rtmem_inner.o ABSOLUTE
    ../clib/signal.c                         0x00000000   Number         0  defsig_rtmem_outer.o ABSOLUTE
    ../clib/signal.c                         0x00000000   Number         0  defsig_stak_inner.o ABSOLUTE
    ../clib/signal.c                         0x00000000   Number         0  defsig_cppl_inner.o ABSOLUTE
    ../clib/signal.c                         0x00000000   Number         0  defsig_general.o ABSOLUTE
    ../clib/signal.c                         0x00000000   Number         0  __raise.o ABSOLUTE
    ../clib/signal.s                         0x00000000   Number         0  defsig.o ABSOLUTE
    ../clib/stdlib.c                         0x00000000   Number         0  exit.o ABSOLUTE
    ../fplib/cfplib/fpinit.c                 0x00000000   Number         0  fpinit.o ABSOLUTE
    ..\..\..\..\CMSIS\CM0\CoreSupport\core_cm0.c 0x00000000   Number         0  core_cm0.o ABSOLUTE
    ..\..\..\..\CMSIS\CM0\DeviceSupport\Nuvoton\NUC1xx\system_NUC1xx.c 0x00000000   Number         0  system_nuc1xx.o ABSOLUTE
    ..\..\..\Src\Driver\DrvGPIO.c            0x00000000   Number         0  drvgpio.o ABSOLUTE
    ..\..\..\Src\Driver\DrvSYS.c             0x00000000   Number         0  drvsys.o ABSOLUTE
    ..\..\..\Src\NUC1xx-LB_002\Ascii_Table.C 0x00000000   Number         0  ascii_table.o ABSOLUTE
    ..\\..\\..\\..\\CMSIS\\CM0\\CoreSupport\\core_cm0.c 0x00000000   Number         0  core_cm0.o ABSOLUTE
    dc.s                                     0x00000000   Number         0  dc.o ABSOLUTE
    lab1_0671.c                              0x00000000   Number         0  lab1_0671.o ABSOLUTE
    startup_NUC1xx.s                         0x00000000   Number         0  startup_nuc1xx.o ABSOLUTE
    !!!main                                  0x000000c0   Section        8  __main.o(!!!main)
    !!!scatter                               0x000000c8   Section       60  __scatter.o(!!!scatter)
    !!handler_copy                           0x00000104   Section       26  __scatter_copy.o(!!handler_copy)
    !!handler_zi                             0x00000120   Section       28  __scatter_zi.o(!!handler_zi)
    .ARM.Collect$$libinit$$00000000          0x0000013c   Section        2  libinit.o(.ARM.Collect$$libinit$$00000000)
    .ARM.Collect$$libinit$$00000001          0x0000013e   Section        4  libinit2.o(.ARM.Collect$$libinit$$00000001)
    .ARM.Collect$$libinit$$00000008          0x00000142   Section        0  libinit2.o(.ARM.Collect$$libinit$$00000008)
    .ARM.Collect$$libinit$$0000000A          0x00000142   Section        0  libinit2.o(.ARM.Collect$$libinit$$0000000A)
    .ARM.Collect$$libinit$$0000000C          0x00000142   Section        0  libinit2.o(.ARM.Collect$$libinit$$0000000C)
    .ARM.Collect$$libinit$$0000000F          0x00000142   Section        0  libinit2.o(.ARM.Collect$$libinit$$0000000F)
    .ARM.Collect$$libinit$$00000011          0x00000142   Section        0  libinit2.o(.ARM.Collect$$libinit$$00000011)
    .ARM.Collect$$libinit$$00000013          0x00000142   Section        0  libinit2.o(.ARM.Collect$$libinit$$00000013)
    .ARM.Collect$$libinit$$00000015          0x00000142   Section        0  libinit2.o(.ARM.Collect$$libinit$$00000015)
    .ARM.Collect$$libinit$$00000017          0x00000142   Section        0  libinit2.o(.ARM.Collect$$libinit$$00000017)
    .ARM.Collect$$libinit$$00000019          0x00000142   Section        0  libinit2.o(.ARM.Collect$$libinit$$00000019)
    .ARM.Collect$$libinit$$0000001B          0x00000142   Section        0  libinit2.o(.ARM.Collect$$libinit$$0000001B)
    .ARM.Collect$$libinit$$0000001D          0x00000142   Section        0  libinit2.o(.ARM.Collect$$libinit$$0000001D)
    .ARM.Collect$$libinit$$0000001F          0x00000142   Section        0  libinit2.o(.ARM.Collect$$libinit$$0000001F)
    .ARM.Collect$$libinit$$00000021          0x00000142   Section        0  libinit2.o(.ARM.Collect$$libinit$$00000021)
    .ARM.Collect$$libinit$$00000023          0x00000142   Section        0  libinit2.o(.ARM.Collect$$libinit$$00000023)
    .ARM.Collect$$libinit$$0000002A          0x00000142   Section        0  libinit2.o(.ARM.Collect$$libinit$$0000002A)
    .ARM.Collect$$libinit$$0000002C          0x00000142   Section        0  libinit2.o(.ARM.Collect$$libinit$$0000002C)
    .ARM.Collect$$libinit$$0000002E          0x00000142   Section        0  libinit2.o(.ARM.Collect$$libinit$$0000002E)
    .ARM.Collect$$libinit$$00000030          0x00000142   Section        0  libinit2.o(.ARM.Collect$$libinit$$00000030)
    .ARM.Collect$$libinit$$00000031          0x00000142   Section        2  libinit2.o(.ARM.Collect$$libinit$$00000031)
    .ARM.Collect$$libshutdown$$00000000      0x00000144   Section        2  libshutdown.o(.ARM.Collect$$libshutdown$$00000000)
    .ARM.Collect$$libshutdown$$00000003      0x00000146   Section        0  libshutdown2.o(.ARM.Collect$$libshutdown$$00000003)
    .ARM.Collect$$libshutdown$$00000006      0x00000146   Section        0  libshutdown2.o(.ARM.Collect$$libshutdown$$00000006)
    .ARM.Collect$$libshutdown$$00000009      0x00000146   Section        0  libshutdown2.o(.ARM.Collect$$libshutdown$$00000009)
    .ARM.Collect$$libshutdown$$0000000B      0x00000146   Section        0  libshutdown2.o(.ARM.Collect$$libshutdown$$0000000B)
    .ARM.Collect$$libshutdown$$0000000E      0x00000146   Section        0  libshutdown2.o(.ARM.Collect$$libshutdown$$0000000E)
    .ARM.Collect$$libshutdown$$0000000F      0x00000146   Section        2  libshutdown2.o(.ARM.Collect$$libshutdown$$0000000F)
    .ARM.Collect$$rtentry$$00000000          0x00000148   Section        0  rtentry.o(.ARM.Collect$$rtentry$$00000000)
    .ARM.Collect$$rtentry$$00000002          0x00000148   Section        0  rtentry2.o(.ARM.Collect$$rtentry$$00000002)
    .ARM.Collect$$rtentry$$00000004          0x00000148   Section        6  rtentry4.o(.ARM.Collect$$rtentry$$00000004)
    .ARM.Collect$$rtentry$$00000009          0x0000014e   Section        0  rtentry2.o(.ARM.Collect$$rtentry$$00000009)
    .ARM.Collect$$rtentry$$0000000A          0x0000014e   Section        4  rtentry2.o(.ARM.Collect$$rtentry$$0000000A)
    .ARM.Collect$$rtentry$$0000000C          0x00000152   Section        0  rtentry2.o(.ARM.Collect$$rtentry$$0000000C)
    .ARM.Collect$$rtentry$$0000000D          0x00000152   Section        8  rtentry2.o(.ARM.Collect$$rtentry$$0000000D)
    .ARM.Collect$$rtexit$$00000000           0x0000015a   Section        2  rtexit.o(.ARM.Collect$$rtexit$$00000000)
    .ARM.Collect$$rtexit$$00000002           0x0000015c   Section        0  rtexit2.o(.ARM.Collect$$rtexit$$00000002)
    .ARM.Collect$$rtexit$$00000003           0x0000015c   Section        4  rtexit2.o(.ARM.Collect$$rtexit$$00000003)
    .ARM.Collect$$rtexit$$00000004           0x00000160   Section        6  rtexit2.o(.ARM.Collect$$rtexit$$00000004)
    .text                                    0x00000168   Section      100  startup_nuc1xx.o(.text)
    Default_Handler                          0x00000193   Thumb Code     2  startup_nuc1xx.o(.text)
    .text                                    0x000001cc   Section        0  system_nuc1xx.o(.text)
    .text                                    0x00000270   Section        0  lab1_0671.o(.text)
    .text                                    0x000003dc   Section        0  drvgpio.o(.text)
    NVIC_SetPriority                         0x000003dd   Thumb Code   110  drvgpio.o(.text)
    NVIC_EnableIRQ                           0x0000123b   Thumb Code    14  drvgpio.o(.text)
    NVIC_DisableIRQ                          0x00001249   Thumb Code    16  drvgpio.o(.text)
    .text                                    0x00001270   Section        0  drvsys.o(.text)
    NVIC_SetPriority                         0x00001271   Thumb Code   110  drvsys.o(.text)
    NVIC_EnableIRQ                           0x00001cd1   Thumb Code    14  drvsys.o(.text)
    NVIC_DisableIRQ                          0x00001cdf   Thumb Code    16  drvsys.o(.text)
    .text                                    0x00001d14   Section      346  aeabi_sdiv.o(.text)
    .text                                    0x00001e6e   Section        0  heapauxi.o(.text)
    .text                                    0x00001e74   Section       62  sys_stackheap_outer.o(.text)
    .text                                    0x00001eb2   Section        0  exit.o(.text)
    .text                                    0x00001ec0   Section        8  libspace.o(.text)
    .text                                    0x00001ec8   Section        0  sys_exit.o(.text)
    .text                                    0x00001ed4   Section        2  use_no_semi.o(.text)
    .text                                    0x00001ed6   Section        0  indicate_semi.o(.text)
    i.__ARM_common_switch8                   0x00001ed6   Section        0  drvgpio.o(i.__ARM_common_switch8)
    .constdata                               0x00001ef4   Section       16  drvsys.o(.constdata)
    .data                                    0x20000000   Section       28  system_nuc1xx.o(.data)
    .data                                    0x2000001c   Section        4  lab1_0671.o(.data)
    .data                                    0x20000020   Section       16  drvgpio.o(.data)
    _pfGPABCallback                          0x20000020   Data           4  drvgpio.o(.data)
    _pfGPCDECallback                         0x20000024   Data           4  drvgpio.o(.data)
    _pfEINT0Callback                         0x20000028   Data           4  drvgpio.o(.data)
    _pfEINT1Callback                         0x2000002c   Data           4  drvgpio.o(.data)
    .data                                    0x20000030   Section        8  drvsys.o(.data)
    BOD_callbackFn                           0x20000030   Data           4  drvsys.o(.data)
    PWRWU_callbackFn                         0x20000034   Data           4  drvsys.o(.data)
    .bss                                     0x20000038   Section       96  libspace.o(.bss)
    HEAP                                     0x20000098   Section        0  startup_nuc1xx.o(HEAP)
    STACK                                    0x20000098   Section     1024  startup_nuc1xx.o(STACK)
    Heap_Mem                                 0x20000098   Data           0  startup_nuc1xx.o(HEAP)
    Stack_Mem                                0x20000098   Data        1024  startup_nuc1xx.o(STACK)
    __initial_sp                             0x20000498   Data           0  startup_nuc1xx.o(STACK)

    Global Symbols

    Symbol Name                              Value     Ov Type        Size  Object(Section)

    BuildAttributes$$THM_ISAv3M$S$PE$A:L22$X:L11$S22$IEEE1$IW$USESV6$~STKCKD$USESV7$~SHL$OSPACE$ROPI$EBA8$UX$STANDARDLIB$REQ8$PRES8$EABIv2 0x00000000   Number         0  anon$$obj.o ABSOLUTE
    __ARM_use_no_argv                        0x00000000   Number         0  lab1_0671.o ABSOLUTE
    __Vectors                                0x00000000   Data           4  startup_nuc1xx.o(RESET)
    __ARM_exceptions_init                     - Undefined Weak Reference
    __alloca_initialize                       - Undefined Weak Reference
    __cpp_initialize__aeabi_                  - Undefined Weak Reference
    __cxa_finalize                            - Undefined Weak Reference
    __rt_locale                               - Undefined Weak Reference
    __sigvec_lookup                           - Undefined Weak Reference
    _atexit_init                              - Undefined Weak Reference
    _call_atexit_fns                          - Undefined Weak Reference
    _clock_init                               - Undefined Weak Reference
    _fp_trap_init                             - Undefined Weak Reference
    _fp_trap_shutdown                         - Undefined Weak Reference
    _get_lc_collate                           - Undefined Weak Reference
    _get_lc_ctype                             - Undefined Weak Reference
    _get_lc_monetary                          - Undefined Weak Reference
    _get_lc_numeric                           - Undefined Weak Reference
    _get_lc_time                              - Undefined Weak Reference
    _getenv_init                              - Undefined Weak Reference
    _handle_redirection                       - Undefined Weak Reference
    _init_alloc                               - Undefined Weak Reference
    _init_user_alloc                          - Undefined Weak Reference
    _initio                                   - Undefined Weak Reference
    _rand_init                                - Undefined Weak Reference
    _signal_finish                            - Undefined Weak Reference
    _signal_init                              - Undefined Weak Reference
    _terminate_alloc                          - Undefined Weak Reference
    _terminate_user_alloc                     - Undefined Weak Reference
    _terminateio                              - Undefined Weak Reference
    __main                                   0x000000c1   Thumb Code     8  __main.o(!!!main)
    __scatterload                            0x000000c9   Thumb Code     0  __scatter.o(!!!scatter)
    __scatterload_rt2                        0x000000c9   Thumb Code    52  __scatter.o(!!!scatter)
    __scatterload_rt2_thumb_only             0x000000c9   Thumb Code     0  __scatter.o(!!!scatter)
    __scatterload_null                       0x000000d9   Thumb Code     0  __scatter.o(!!!scatter)
    __scatterload_copy                       0x00000105   Thumb Code    26  __scatter_copy.o(!!handler_copy)
    __scatterload_zeroinit                   0x00000121   Thumb Code    28  __scatter_zi.o(!!handler_zi)
    __rt_lib_init                            0x0000013d   Thumb Code     0  libinit.o(.ARM.Collect$$libinit$$00000000)
    __rt_lib_init_fp_1                       0x0000013f   Thumb Code     0  libinit2.o(.ARM.Collect$$libinit$$00000001)
    __rt_lib_init_alloca_1                   0x00000143   Thumb Code     0  libinit2.o(.ARM.Collect$$libinit$$0000002C)
    __rt_lib_init_argv_1                     0x00000143   Thumb Code     0  libinit2.o(.ARM.Collect$$libinit$$0000002A)
    __rt_lib_init_atexit_1                   0x00000143   Thumb Code     0  libinit2.o(.ARM.Collect$$libinit$$00000019)
    __rt_lib_init_clock_1                    0x00000143   Thumb Code     0  libinit2.o(.ARM.Collect$$libinit$$0000001F)
    __rt_lib_init_cpp_1                      0x00000143   Thumb Code     0  libinit2.o(.ARM.Collect$$libinit$$00000030)
    __rt_lib_init_exceptions_1               0x00000143   Thumb Code     0  libinit2.o(.ARM.Collect$$libinit$$0000002E)
    __rt_lib_init_fp_trap_1                  0x00000143   Thumb Code     0  libinit2.o(.ARM.Collect$$libinit$$0000001D)
    __rt_lib_init_getenv_1                   0x00000143   Thumb Code     0  libinit2.o(.ARM.Collect$$libinit$$00000021)
    __rt_lib_init_heap_1                     0x00000143   Thumb Code     0  libinit2.o(.ARM.Collect$$libinit$$00000008)
    __rt_lib_init_lc_collate_1               0x00000143   Thumb Code     0  libinit2.o(.ARM.Collect$$libinit$$0000000F)
    __rt_lib_init_lc_ctype_1                 0x00000143   Thumb Code     0  libinit2.o(.ARM.Collect$$libinit$$00000011)
    __rt_lib_init_lc_monetary_1              0x00000143   Thumb Code     0  libinit2.o(.ARM.Collect$$libinit$$00000013)
    __rt_lib_init_lc_numeric_1               0x00000143   Thumb Code     0  libinit2.o(.ARM.Collect$$libinit$$00000015)
    __rt_lib_init_lc_time_1                  0x00000143   Thumb Code     0  libinit2.o(.ARM.Collect$$libinit$$00000017)
    __rt_lib_init_rand_1                     0x00000143   Thumb Code     0  libinit2.o(.ARM.Collect$$libinit$$0000000C)
    __rt_lib_init_return                     0x00000143   Thumb Code     0  libinit2.o(.ARM.Collect$$libinit$$00000031)
    __rt_lib_init_signal_1                   0x00000143   Thumb Code     0  libinit2.o(.ARM.Collect$$libinit$$0000001B)
    __rt_lib_init_stdio_1                    0x00000143   Thumb Code     0  libinit2.o(.ARM.Collect$$libinit$$00000023)
    __rt_lib_init_user_alloc_1               0x00000143   Thumb Code     0  libinit2.o(.ARM.Collect$$libinit$$0000000A)
    __rt_lib_shutdown                        0x00000145   Thumb Code     0  libshutdown.o(.ARM.Collect$$libshutdown$$00000000)
    __rt_lib_shutdown_fp_trap_1              0x00000147   Thumb Code     0  libshutdown2.o(.ARM.Collect$$libshutdown$$00000006)
    __rt_lib_shutdown_heap_1                 0x00000147   Thumb Code     0  libshutdown2.o(.ARM.Collect$$libshutdown$$0000000E)
    __rt_lib_shutdown_return                 0x00000147   Thumb Code     0  libshutdown2.o(.ARM.Collect$$libshutdown$$0000000F)
    __rt_lib_shutdown_signal_1               0x00000147   Thumb Code     0  libshutdown2.o(.ARM.Collect$$libshutdown$$00000009)
    __rt_lib_shutdown_stdio_1                0x00000147   Thumb Code     0  libshutdown2.o(.ARM.Collect$$libshutdown$$00000003)
    __rt_lib_shutdown_user_alloc_1           0x00000147   Thumb Code     0  libshutdown2.o(.ARM.Collect$$libshutdown$$0000000B)
    __rt_entry                               0x00000149   Thumb Code     0  rtentry.o(.ARM.Collect$$rtentry$$00000000)
    __rt_entry_presh_1                       0x00000149   Thumb Code     0  rtentry2.o(.ARM.Collect$$rtentry$$00000002)
    __rt_entry_sh                            0x00000149   Thumb Code     0  rtentry4.o(.ARM.Collect$$rtentry$$00000004)
    __rt_entry_li                            0x0000014f   Thumb Code     0  rtentry2.o(.ARM.Collect$$rtentry$$0000000A)
    __rt_entry_postsh_1                      0x0000014f   Thumb Code     0  rtentry2.o(.ARM.Collect$$rtentry$$00000009)
    __rt_entry_main                          0x00000153   Thumb Code     0  rtentry2.o(.ARM.Collect$$rtentry$$0000000D)
    __rt_entry_postli_1                      0x00000153   Thumb Code     0  rtentry2.o(.ARM.Collect$$rtentry$$0000000C)
    __rt_exit                                0x0000015b   Thumb Code     0  rtexit.o(.ARM.Collect$$rtexit$$00000000)
    __rt_exit_ls                             0x0000015d   Thumb Code     0  rtexit2.o(.ARM.Collect$$rtexit$$00000003)
    __rt_exit_prels_1                        0x0000015d   Thumb Code     0  rtexit2.o(.ARM.Collect$$rtexit$$00000002)
    __rt_exit_exit                           0x00000161   Thumb Code     0  rtexit2.o(.ARM.Collect$$rtexit$$00000004)
    Reset_Handler                            0x00000169   Thumb Code    32  startup_nuc1xx.o(.text)
    NMI_Handler                              0x00000189   Thumb Code     2  startup_nuc1xx.o(.text)
    HardFault_Handler                        0x0000018b   Thumb Code     2  startup_nuc1xx.o(.text)
    SVC_Handler                              0x0000018d   Thumb Code     2  startup_nuc1xx.o(.text)
    PendSV_Handler                           0x0000018f   Thumb Code     2  startup_nuc1xx.o(.text)
    SysTick_Handler                          0x00000191   Thumb Code     2  startup_nuc1xx.o(.text)
    ACMP_IRQHandler                          0x00000193   Thumb Code     0  startup_nuc1xx.o(.text)
    ADC_IRQHandler                           0x00000193   Thumb Code     0  startup_nuc1xx.o(.text)
    CAN0_IRQHandler                          0x00000193   Thumb Code     0  startup_nuc1xx.o(.text)
    I2C0_IRQHandler                          0x00000193   Thumb Code     0  startup_nuc1xx.o(.text)
    I2C1_IRQHandler                          0x00000193   Thumb Code     0  startup_nuc1xx.o(.text)
    I2S_IRQHandler                           0x00000193   Thumb Code     0  startup_nuc1xx.o(.text)
    PDMA_IRQHandler                          0x00000193   Thumb Code     0  startup_nuc1xx.o(.text)
    PS2_IRQHandler                           0x00000193   Thumb Code     0  startup_nuc1xx.o(.text)
    PWMA_IRQHandler                          0x00000193   Thumb Code     0  startup_nuc1xx.o(.text)
    PWMB_IRQHandler                          0x00000193   Thumb Code     0  startup_nuc1xx.o(.text)
    RTC_IRQHandler                           0x00000193   Thumb Code     0  startup_nuc1xx.o(.text)
    SPI0_IRQHandler                          0x00000193   Thumb Code     0  startup_nuc1xx.o(.text)
    SPI1_IRQHandler                          0x00000193   Thumb Code     0  startup_nuc1xx.o(.text)
    SPI2_IRQHandler                          0x00000193   Thumb Code     0  startup_nuc1xx.o(.text)
    SPI3_IRQHandler                          0x00000193   Thumb Code     0  startup_nuc1xx.o(.text)
    TMR1_IRQHandler                          0x00000193   Thumb Code     0  startup_nuc1xx.o(.text)
    TMR2_IRQHandler                          0x00000193   Thumb Code     0  startup_nuc1xx.o(.text)
    TMR3_IRQHandler                          0x00000193   Thumb Code     0  startup_nuc1xx.o(.text)
    UART02_IRQHandler                        0x00000193   Thumb Code     0  startup_nuc1xx.o(.text)
    UART1_IRQHandler                         0x00000193   Thumb Code     0  startup_nuc1xx.o(.text)
    USBD_IRQHandler                          0x00000193   Thumb Code     0  startup_nuc1xx.o(.text)
    WDT_IRQHandler                           0x00000193   Thumb Code     0  startup_nuc1xx.o(.text)
    __user_initial_stackheap                 0x00000195   Thumb Code     0  startup_nuc1xx.o(.text)
    SystemCoreClockUpdate                    0x000001cd   Thumb Code   132  system_nuc1xx.o(.text)
    SystemInit                               0x00000251   Thumb Code     2  system_nuc1xx.o(.text)
    TMR0_IRQHandler                          0x00000271   Thumb Code   108  lab1_0671.o(.text)
    InitTIMER0                               0x000002dd   Thumb Code   152  lab1_0671.o(.text)
    main                                     0x00000375   Thumb Code    76  lab1_0671.o(.text)
    GPAB_IRQHandler                          0x0000044b   Thumb Code    60  drvgpio.o(.text)
    GPCDE_IRQHandler                         0x00000487   Thumb Code    68  drvgpio.o(.text)
    EINT0_IRQHandler                         0x000004cb   Thumb Code    28  drvgpio.o(.text)
    EINT1_IRQHandler                         0x000004e7   Thumb Code    28  drvgpio.o(.text)
    DrvGPIO_Open                             0x00000503   Thumb Code   126  drvgpio.o(.text)
    DrvGPIO_Close                            0x00000581   Thumb Code    60  drvgpio.o(.text)
    DrvGPIO_SetBit                           0x000005bd   Thumb Code    36  drvgpio.o(.text)
    DrvGPIO_GetBit                           0x000005e1   Thumb Code    38  drvgpio.o(.text)
    DrvGPIO_ClrBit                           0x00000607   Thumb Code    36  drvgpio.o(.text)
    DrvGPIO_SetPortBits                      0x0000062b   Thumb Code    16  drvgpio.o(.text)
    DrvGPIO_GetPortBits                      0x0000063b   Thumb Code    12  drvgpio.o(.text)
    DrvGPIO_GetDoutBit                       0x00000647   Thumb Code    30  drvgpio.o(.text)
    DrvGPIO_GetPortDoutBits                  0x00000665   Thumb Code    20  drvgpio.o(.text)
    DrvGPIO_SetBitMask                       0x00000679   Thumb Code    32  drvgpio.o(.text)
    DrvGPIO_GetBitMask                       0x00000699   Thumb Code    26  drvgpio.o(.text)
    DrvGPIO_ClrBitMask                       0x000006b3   Thumb Code    32  drvgpio.o(.text)
    DrvGPIO_GetPortMask                      0x000006d3   Thumb Code    12  drvgpio.o(.text)
    DrvGPIO_SetPortMask                      0x000006df   Thumb Code    26  drvgpio.o(.text)
    DrvGPIO_ClrPortMask                      0x000006f9   Thumb Code    26  drvgpio.o(.text)
    DrvGPIO_EnableDigitalInputBit            0x00000713   Thumb Code    36  drvgpio.o(.text)
    DrvGPIO_DisableDigitalInputBit           0x00000737   Thumb Code    36  drvgpio.o(.text)
    DrvGPIO_EnableDebounce                   0x0000075b   Thumb Code    50  drvgpio.o(.text)
    DrvGPIO_DisableDebounce                  0x0000078d   Thumb Code    84  drvgpio.o(.text)
    DrvGPIO_SetDebounceTime                  0x000007e1   Thumb Code    54  drvgpio.o(.text)
    DrvGPIO_GetDebounceSampleCycle           0x00000817   Thumb Code    10  drvgpio.o(.text)
    DrvGPIO_EnableInt                        0x00000821   Thumb Code   230  drvgpio.o(.text)
    DrvGPIO_DisableInt                       0x00000907   Thumb Code    74  drvgpio.o(.text)
    DrvGPIO_SetIntCallback                   0x00000951   Thumb Code    10  drvgpio.o(.text)
    DrvGPIO_EnableEINT0                      0x0000095b   Thumb Code   142  drvgpio.o(.text)
    DrvGPIO_DisableEINT0                     0x000009e9   Thumb Code    30  drvgpio.o(.text)
    DrvGPIO_EnableEINT1                      0x00000a07   Thumb Code   142  drvgpio.o(.text)
    DrvGPIO_DisableEINT1                     0x00000a95   Thumb Code    30  drvgpio.o(.text)
    DrvGPIO_GetIntStatus                     0x00000ab3   Thumb Code    14  drvgpio.o(.text)
    DrvGPIO_InitFunction                     0x00000ac1   Thumb Code  1910  drvgpio.o(.text)
    DrvGPIO_GetVersion                       0x00001237   Thumb Code     4  drvgpio.o(.text)
    DrvSYS_GetVersion                        0x000012df   Thumb Code     4  drvsys.o(.text)
    DrvSYS_ReadProductID                     0x000012e3   Thumb Code     8  drvsys.o(.text)
    DrvSYS_UnlockProtectedReg                0x000012eb   Thumb Code    34  drvsys.o(.text)
    DrvSYS_LockProtectedReg                  0x0000130d   Thumb Code    28  drvsys.o(.text)
    DrvSYS_IsProtectedRegLocked              0x00001329   Thumb Code    10  drvsys.o(.text)
    DrvSYS_GetResetSource                    0x00001333   Thumb Code     8  drvsys.o(.text)
    DrvSYS_ClearResetSource                  0x0000133b   Thumb Code    12  drvsys.o(.text)
    DrvSYS_ResetIP                           0x00001347   Thumb Code   110  drvsys.o(.text)
    DrvSYS_ResetCPU                          0x000013b5   Thumb Code    20  drvsys.o(.text)
    DrvSYS_ResetChip                         0x000013c9   Thumb Code    20  drvsys.o(.text)
    DrvSYS_SelectBODVolt                     0x000013dd   Thumb Code    26  drvsys.o(.text)
    DrvSYS_SetBODFunction                    0x000013f7   Thumb Code    88  drvsys.o(.text)
    DrvSYS_EnableBODLowPowerMode             0x0000144f   Thumb Code    20  drvsys.o(.text)
    DrvSYS_DisableBODLowPowerMode            0x00001463   Thumb Code    18  drvsys.o(.text)
    DrvSYS_GetBODState                       0x00001475   Thumb Code    12  drvsys.o(.text)
    DrvSYS_EnableLowVoltReset                0x00001481   Thumb Code    20  drvsys.o(.text)
    DrvSYS_DisableLowVoltReset               0x00001495   Thumb Code    18  drvsys.o(.text)
    DrvSYS_EnableTemperatureSensor           0x000014a7   Thumb Code    20  drvsys.o(.text)
    DrvSYS_DisableTemperatureSensor          0x000014bb   Thumb Code    18  drvsys.o(.text)
    DrvSYS_EnablePOR                         0x000014cd   Thumb Code    10  drvsys.o(.text)
    DrvSYS_DisablePOR                        0x000014d7   Thumb Code     8  drvsys.o(.text)
    BOD_IRQHandler                           0x000014df   Thumb Code    36  drvsys.o(.text)
    DrvSYS_SetIPClock                        0x00001503   Thumb Code   114  drvsys.o(.text)
    DrvSYS_SelectHCLKSource                  0x00001575   Thumb Code    48  drvsys.o(.text)
    DrvSYS_SelectSysTickSource               0x000015a5   Thumb Code    44  drvsys.o(.text)
    DrvSYS_SelectIPClockSource               0x000015d1   Thumb Code   376  drvsys.o(.text)
    DrvSYS_SetClockDivider                   0x00001749   Thumb Code   130  drvsys.o(.text)
    DrvSYS_SetOscCtrl                        0x000017cb   Thumb Code   120  drvsys.o(.text)
    PWRWU_IRQHandler                         0x00001843   Thumb Code    32  drvsys.o(.text)
    DrvSYS_SetPowerDownWakeUpInt             0x00001863   Thumb Code    98  drvsys.o(.text)
    DrvSYS_EnterPowerDown                    0x000018c5   Thumb Code    52  drvsys.o(.text)
    DrvSYS_SelectPLLSource                   0x000018f9   Thumb Code    26  drvsys.o(.text)
    DrvSYS_SetPLLMode                        0x00001913   Thumb Code    46  drvsys.o(.text)
    DrvSYS_GetExtClockFreq                   0x00001941   Thumb Code     4  drvsys.o(.text)
    DrvSYS_GetPLLContent                     0x00001945   Thumb Code   168  drvsys.o(.text)
    DrvSYS_SetPLLContent                     0x000019ed   Thumb Code    72  drvsys.o(.text)
    DrvSYS_GetPLLClockFreq                   0x00001a35   Thumb Code   150  drvsys.o(.text)
    DrvSYS_GetHCLKFreq                       0x00001acb   Thumb Code    94  drvsys.o(.text)
    DrvSYS_Open                              0x00001b29   Thumb Code   174  drvsys.o(.text)
    DrvSYS_SetFreqDividerOutput              0x00001bd7   Thumb Code    70  drvsys.o(.text)
    DrvSYS_EnableHighPerformanceMode         0x00001c1d   Thumb Code    20  drvsys.o(.text)
    DrvSYS_DisableHighPerformanceMode        0x00001c31   Thumb Code    18  drvsys.o(.text)
    DrvSYS_Delay                             0x00001c43   Thumb Code    36  drvsys.o(.text)
    DrvSYS_GetChipClockSourceStatus          0x00001c67   Thumb Code    80  drvsys.o(.text)
    DrvSYS_GetClockSwitchStatus              0x00001cb7   Thumb Code    10  drvsys.o(.text)
    DrvSYS_ClearClockSwitchStatus            0x00001cc1   Thumb Code    16  drvsys.o(.text)
    __aeabi_uidiv                            0x00001d15   Thumb Code     0  aeabi_sdiv.o(.text)
    __aeabi_uidivmod                         0x00001d15   Thumb Code    20  aeabi_sdiv.o(.text)
    __aeabi_idiv                             0x00001d29   Thumb Code     0  aeabi_sdiv.o(.text)
    __aeabi_idivmod                          0x00001d29   Thumb Code   326  aeabi_sdiv.o(.text)
    __use_two_region_memory                  0x00001e6f   Thumb Code     2  heapauxi.o(.text)
    __rt_heap_escrow$2region                 0x00001e71   Thumb Code     2  heapauxi.o(.text)
    __rt_heap_expand$2region                 0x00001e73   Thumb Code     2  heapauxi.o(.text)
    __user_setup_stackheap                   0x00001e75   Thumb Code    62  sys_stackheap_outer.o(.text)
    exit                                     0x00001eb3   Thumb Code    12  exit.o(.text)
    __user_libspace                          0x00001ec1   Thumb Code     8  libspace.o(.text)
    __user_perproc_libspace                  0x00001ec1   Thumb Code     0  libspace.o(.text)
    __user_perthread_libspace                0x00001ec1   Thumb Code     0  libspace.o(.text)
    _sys_exit                                0x00001ec9   Thumb Code     8  sys_exit.o(.text)
    __I$use$semihosting                      0x00001ed5   Thumb Code     0  use_no_semi.o(.text)
    __use_no_semihosting_swi                 0x00001ed5   Thumb Code     2  use_no_semi.o(.text)
    __ARM_common_switch8                     0x00001ed7   Thumb Code    28  drvgpio.o(i.__ARM_common_switch8)
    __semihosting_library_function           0x00001ed7   Thumb Code     0  indicate_semi.o(.text)
    Region$$Table$$Base                      0x00001f04   Number         0  anon$$obj.o(Region$$Table)
    Region$$Table$$Limit                     0x00001f24   Number         0  anon$$obj.o(Region$$Table)
    SystemCoreClock                          0x20000000   Data           4  system_nuc1xx.o(.data)
    CyclesPerUs                              0x20000004   Data           4  system_nuc1xx.o(.data)
    gau32ClkSrcTbl                           0x20000008   Data          20  system_nuc1xx.o(.data)
    led                                      0x2000001c   Data           4  lab1_0671.o(.data)
    __libspace_start                         0x20000038   Data          96  libspace.o(.bss)
    __temporary_stack_top$libspace           0x20000098   Data           0  libspace.o(.bss)



==============================================================================

Memory Map of the image

  Image entry point : Not specified.

  Load Region LR_IROM1 (Base: 0x00000000, Size: 0x00001f5c, Max: 0x00020000, ABSOLUTE)

    Execution Region ER_IROM1 (Base: 0x00000000, Size: 0x00001f24, Max: 0x00020000, ABSOLUTE)

    Base Addr    Size         Type   Attr      Idx    E Section Name        Object

    0x00000000   0x000000c0   Data   RO            3    RESET               startup_nuc1xx.o
    0x000000c0   0x00000008   Code   RO          144  * !!!main             c_p.l(__main.o)
    0x000000c8   0x0000003c   Code   RO          310    !!!scatter          c_p.l(__scatter.o)
    0x00000104   0x0000001a   Code   RO          312    !!handler_copy      c_p.l(__scatter_copy.o)
    0x0000011e   0x00000002   PAD
    0x00000120   0x0000001c   Code   RO          314    !!handler_zi        c_p.l(__scatter_zi.o)
    0x0000013c   0x00000002   Code   RO          182    .ARM.Collect$$libinit$$00000000  c_p.l(libinit.o)
    0x0000013e   0x00000004   Code   RO          195    .ARM.Collect$$libinit$$00000001  c_p.l(libinit2.o)
    0x00000142   0x00000000   Code   RO          199    .ARM.Collect$$libinit$$00000008  c_p.l(libinit2.o)
    0x00000142   0x00000000   Code   RO          201    .ARM.Collect$$libinit$$0000000A  c_p.l(libinit2.o)
    0x00000142   0x00000000   Code   RO          203    .ARM.Collect$$libinit$$0000000C  c_p.l(libinit2.o)
    0x00000142   0x00000000   Code   RO          206    .ARM.Collect$$libinit$$0000000F  c_p.l(libinit2.o)
    0x00000142   0x00000000   Code   RO          208    .ARM.Collect$$libinit$$00000011  c_p.l(libinit2.o)
    0x00000142   0x00000000   Code   RO          210    .ARM.Collect$$libinit$$00000013  c_p.l(libinit2.o)
    0x00000142   0x00000000   Code   RO          212    .ARM.Collect$$libinit$$00000015  c_p.l(libinit2.o)
    0x00000142   0x00000000   Code   RO          214    .ARM.Collect$$libinit$$00000017  c_p.l(libinit2.o)
    0x00000142   0x00000000   Code   RO          216    .ARM.Collect$$libinit$$00000019  c_p.l(libinit2.o)
    0x00000142   0x00000000   Code   RO          218    .ARM.Collect$$libinit$$0000001B  c_p.l(libinit2.o)
    0x00000142   0x00000000   Code   RO          220    .ARM.Collect$$libinit$$0000001D  c_p.l(libinit2.o)
    0x00000142   0x00000000   Code   RO          222    .ARM.Collect$$libinit$$0000001F  c_p.l(libinit2.o)
    0x00000142   0x00000000   Code   RO          224    .ARM.Collect$$libinit$$00000021  c_p.l(libinit2.o)
    0x00000142   0x00000000   Code   RO          226    .ARM.Collect$$libinit$$00000023  c_p.l(libinit2.o)
    0x00000142   0x00000000   Code   RO          230    .ARM.Collect$$libinit$$0000002A  c_p.l(libinit2.o)
    0x00000142   0x00000000   Code   RO          232    .ARM.Collect$$libinit$$0000002C  c_p.l(libinit2.o)
    0x00000142   0x00000000   Code   RO          234    .ARM.Collect$$libinit$$0000002E  c_p.l(libinit2.o)
    0x00000142   0x00000000   Code   RO          236    .ARM.Collect$$libinit$$00000030  c_p.l(libinit2.o)
    0x00000142   0x00000002   Code   RO          237    .ARM.Collect$$libinit$$00000031  c_p.l(libinit2.o)
    0x00000144   0x00000002   Code   RO          268    .ARM.Collect$$libshutdown$$00000000  c_p.l(libshutdown.o)
    0x00000146   0x00000000   Code   RO          295    .ARM.Collect$$libshutdown$$00000003  c_p.l(libshutdown2.o)
    0x00000146   0x00000000   Code   RO          298    .ARM.Collect$$libshutdown$$00000006  c_p.l(libshutdown2.o)
    0x00000146   0x00000000   Code   RO          301    .ARM.Collect$$libshutdown$$00000009  c_p.l(libshutdown2.o)
    0x00000146   0x00000000   Code   RO          303    .ARM.Collect$$libshutdown$$0000000B  c_p.l(libshutdown2.o)
    0x00000146   0x00000000   Code   RO          306    .ARM.Collect$$libshutdown$$0000000E  c_p.l(libshutdown2.o)
    0x00000146   0x00000002   Code   RO          307    .ARM.Collect$$libshutdown$$0000000F  c_p.l(libshutdown2.o)
    0x00000148   0x00000000   Code   RO          146    .ARM.Collect$$rtentry$$00000000  c_p.l(rtentry.o)
    0x00000148   0x00000000   Code   RO          152    .ARM.Collect$$rtentry$$00000002  c_p.l(rtentry2.o)
    0x00000148   0x00000006   Code   RO          164    .ARM.Collect$$rtentry$$00000004  c_p.l(rtentry4.o)
    0x0000014e   0x00000000   Code   RO          154    .ARM.Collect$$rtentry$$00000009  c_p.l(rtentry2.o)
    0x0000014e   0x00000004   Code   RO          155    .ARM.Collect$$rtentry$$0000000A  c_p.l(rtentry2.o)
    0x00000152   0x00000000   Code   RO          157    .ARM.Collect$$rtentry$$0000000C  c_p.l(rtentry2.o)
    0x00000152   0x00000008   Code   RO          158    .ARM.Collect$$rtentry$$0000000D  c_p.l(rtentry2.o)
    0x0000015a   0x00000002   Code   RO          187    .ARM.Collect$$rtexit$$00000000  c_p.l(rtexit.o)
    0x0000015c   0x00000000   Code   RO          241    .ARM.Collect$$rtexit$$00000002  c_p.l(rtexit2.o)
    0x0000015c   0x00000004   Code   RO          242    .ARM.Collect$$rtexit$$00000003  c_p.l(rtexit2.o)
    0x00000160   0x00000006   Code   RO          243    .ARM.Collect$$rtexit$$00000004  c_p.l(rtexit2.o)
    0x00000166   0x00000002   PAD
    0x00000168   0x00000064   Code   RO            4  * .text               startup_nuc1xx.o
    0x000001cc   0x000000a4   Code   RO           24    .text               system_nuc1xx.o
    0x00000270   0x0000016c   Code   RO           61    .text               lab1_0671.o
    0x000003dc   0x00000e94   Code   RO           96    .text               drvgpio.o
    0x00001270   0x00000aa4   Code   RO          118    .text               drvsys.o
    0x00001d14   0x0000015a   Code   RO          138    .text               c_p.l(aeabi_sdiv.o)
    0x00001e6e   0x00000006   Code   RO          142    .text               c_p.l(heapauxi.o)
    0x00001e74   0x0000003e   Code   RO          168    .text               c_p.l(sys_stackheap_outer.o)
    0x00001eb2   0x0000000c   Code   RO          171    .text               c_p.l(exit.o)
    0x00001ebe   0x00000002   PAD
    0x00001ec0   0x00000008   Code   RO          183    .text               c_p.l(libspace.o)
    0x00001ec8   0x0000000c   Code   RO          238    .text               c_p.l(sys_exit.o)
    0x00001ed4   0x00000002   Code   RO          257    .text               c_p.l(use_no_semi.o)
    0x00001ed6   0x00000000   Code   RO          259    .text               c_p.l(indicate_semi.o)
    0x00001ed6   0x0000001c   Code   RO          107    i.__ARM_common_switch8  drvgpio.o
    0x00001ef2   0x00000002   PAD
    0x00001ef4   0x00000010   Data   RO          119    .constdata          drvsys.o
    0x00001f04   0x00000020   Data   RO          308    Region$$Table       anon$$obj.o


    Execution Region RW_IRAM1 (Base: 0x20000000, Size: 0x00000498, Max: 0x00004000, ABSOLUTE)

    Base Addr    Size         Type   Attr      Idx    E Section Name        Object

    0x20000000   0x0000001c   Data   RW           25    .data               system_nuc1xx.o
    0x2000001c   0x00000004   Data   RW           62    .data               lab1_0671.o
    0x20000020   0x00000010   Data   RW           97    .data               drvgpio.o
    0x20000030   0x00000008   Data   RW          120    .data               drvsys.o
    0x20000038   0x00000060   Zero   RW          184    .bss                c_p.l(libspace.o)
    0x20000098   0x00000000   Zero   RW            2    HEAP                startup_nuc1xx.o
    0x20000098   0x00000400   Zero   RW            1    STACK               startup_nuc1xx.o


==============================================================================

Image component sizes


      Code (inc. data)   RO Data    RW Data    ZI Data      Debug   Object Name

         0          0          0          0          0       4272   core_cm0.o
      3760        172          0         16          0      24263   drvgpio.o
      2724        142         16          8          0      14007   drvsys.o
       364         28          0          4          0     126880   lab1_0671.o
       100         46        192          0       1024        712   startup_nuc1xx.o
       164         30          0         28          0       1844   system_nuc1xx.o

    ----------------------------------------------------------------------
      7114        418        240         56       1024     171978   Object Totals
         0          0         32          0          0          0   (incl. Generated)
         2          0          0          0          0          0   (incl. Padding)

    ----------------------------------------------------------------------

      Code (inc. data)   RO Data    RW Data    ZI Data      Debug   Library Member Name

         8          0          0          0          0         68   __main.o
        60          8          0          0          0          0   __scatter.o
        26          0          0          0          0          0   __scatter_copy.o
        28          0          0          0          0          0   __scatter_zi.o
       346          0          0          0          0         92   aeabi_sdiv.o
        12          0          0          0          0         64   exit.o
         6          0          0          0          0        136   heapauxi.o
         0          0          0          0          0          0   indicate_semi.o
         2          0          0          0          0          0   libinit.o
         6          0          0          0          0          0   libinit2.o
         2          0          0          0          0          0   libshutdown.o
         2          0          0          0          0          0   libshutdown2.o
         8          4          0          0         96         68   libspace.o
         0          0          0          0          0          0   rtentry.o
        12          0          0          0          0          0   rtentry2.o
         6          0          0          0          0          0   rtentry4.o
         2          0          0          0          0          0   rtexit.o
        10          0          0          0          0          0   rtexit2.o
        12          4          0          0          0         60   sys_exit.o
        62          0          0          0          0         80   sys_stackheap_outer.o
         2          0          0          0          0         68   use_no_semi.o

    ----------------------------------------------------------------------
       618         16          0          0         96        636   Library Totals
         6          0          0          0          0          0   (incl. Padding)

    ----------------------------------------------------------------------

      Code (inc. data)   RO Data    RW Data    ZI Data      Debug   Library Name

       612         16          0          0         96        636   c_p.l

    ----------------------------------------------------------------------
       618         16          0          0         96        636   Library Totals

    ----------------------------------------------------------------------

==============================================================================


      Code (inc. data)   RO Data    RW Data    ZI Data      Debug   

      7732        434        240         56       1120     172118   Grand Totals
      7732        434        240         56       1120     172118   ELF Image Totals
      7732        434        240         56          0          0   ROM Totals

==============================================================================

    Total RO  Size (Code + RO Data)                 7972 (   7.79kB)
    Total RW  Size (RW Data + ZI Data)              1176 (   1.15kB)
    Total ROM Size (Code + RO Data + RW Data)       8028 (   7.84kB)

==============================================================================

