Component: ARM Compiler 5.05 (build 41) Tool: armlink [4d0eb9]

==============================================================================

Section Cross References

    main.o(.text) refers to gpio.o(.text) for Init_LED
    main.o(.text) refers to main.o(.data) for i
    gpio.o(.text) refers to gpio.o(.constdata) for led_mask
    startup_mkl46z4.o(STACK) refers (Special) to heapauxi.o(.text) for __use_two_region_memory
    startup_mkl46z4.o(HEAP) refers (Special) to heapauxi.o(.text) for __use_two_region_memory
    startup_mkl46z4.o(RESET) refers (Special) to heapauxi.o(.text) for __use_two_region_memory
    startup_mkl46z4.o(RESET) refers to startup_mkl46z4.o(STACK) for __initial_sp
    startup_mkl46z4.o(RESET) refers to startup_mkl46z4.o(.text) for Reset_Handler
    startup_mkl46z4.o(.text) refers (Special) to heapauxi.o(.text) for __use_two_region_memory
    startup_mkl46z4.o(.text) refers to startup_mkl46z4.o(STACK) for __initial_sp
    startup_mkl46z4.o(.text) refers to startup_mkl46z4.o(RESET) for __Vectors
    startup_mkl46z4.o(.text) refers to system_mkl46z4.o(.text) for SystemInit
    startup_mkl46z4.o(.text) refers to __main.o(!!!main) for __main
    startup_mkl46z4.o(.text) refers to startup_mkl46z4.o(HEAP) for Heap_Mem
    system_mkl46z4.o(.text) refers to aeabi_sdiv.o(.text) for __aeabi_uidivmod
    system_mkl46z4.o(.text) refers to system_mkl46z4.o(i.__ARM_common_switch8) for __ARM_common_switch8
    system_mkl46z4.o(.text) refers to system_mkl46z4.o(.data) for SystemCoreClock
    __main.o(!!!main) refers to __rtentry.o(.ARM.Collect$$rtentry$$00000000) for __rt_entry
    __rtentry.o(.ARM.Collect$$rtentry$$00000000) refers (Special) to __rtentry2.o(.ARM.Collect$$rtentry$$0000000A) for __rt_entry_li
    __rtentry.o(.ARM.Collect$$rtentry$$00000000) refers (Special) to __rtentry2.o(.ARM.Collect$$rtentry$$0000000D) for __rt_entry_main
    __rtentry.o(.ARM.Collect$$rtentry$$00000000) refers (Special) to __rtentry2.o(.ARM.Collect$$rtentry$$0000000C) for __rt_entry_postli_1
    __rtentry.o(.ARM.Collect$$rtentry$$00000000) refers (Special) to __rtentry2.o(.ARM.Collect$$rtentry$$00000009) for __rt_entry_postsh_1
    __rtentry.o(.ARM.Collect$$rtentry$$00000000) refers (Special) to __rtentry2.o(.ARM.Collect$$rtentry$$00000002) for __rt_entry_presh_1
    __rtentry.o(.ARM.Collect$$rtentry$$00000000) refers (Special) to __rtentry4.o(.ARM.Collect$$rtentry$$00000004) for __rt_entry_sh
    aeabi_idiv0_sigfpe.o(.text) refers to rt_div0.o(.text) for __rt_div0
    __rtentry2.o(.ARM.Collect$$rtentry$$00000008) refers to boardinit2.o(.text) for _platform_post_stackheap_init
    __rtentry2.o(.ARM.Collect$$rtentry$$0000000A) refers to libinit.o(.ARM.Collect$$libinit$$00000000) for __rt_lib_init
    __rtentry2.o(.ARM.Collect$$rtentry$$0000000B) refers to boardinit3.o(.text) for _platform_post_lib_init
    __rtentry2.o(.ARM.Collect$$rtentry$$0000000D) refers to main.o(.text) for main
    __rtentry2.o(.ARM.Collect$$rtentry$$0000000D) refers to exit.o(.text) for exit
    __rtentry2.o(.ARM.exidx) refers to __rtentry2.o(.ARM.Collect$$rtentry$$00000001) for .ARM.Collect$$rtentry$$00000001
    __rtentry2.o(.ARM.exidx) refers to __rtentry2.o(.ARM.Collect$$rtentry$$00000008) for .ARM.Collect$$rtentry$$00000008
    __rtentry2.o(.ARM.exidx) refers to __rtentry2.o(.ARM.Collect$$rtentry$$0000000A) for .ARM.Collect$$rtentry$$0000000A
    __rtentry2.o(.ARM.exidx) refers to __rtentry2.o(.ARM.Collect$$rtentry$$0000000B) for .ARM.Collect$$rtentry$$0000000B
    __rtentry2.o(.ARM.exidx) refers to __rtentry2.o(.ARM.Collect$$rtentry$$0000000D) for .ARM.Collect$$rtentry$$0000000D
    __rtentry4.o(.ARM.Collect$$rtentry$$00000004) refers to sys_stackheap_outer.o(.text) for __user_setup_stackheap
    __rtentry4.o(.ARM.exidx) refers to __rtentry4.o(.ARM.Collect$$rtentry$$00000004) for .ARM.Collect$$rtentry$$00000004
    rt_div0.o(.text) refers to defsig_fpe_outer.o(.text) for __rt_SIGFPE
    sys_stackheap_outer.o(.text) refers to libspace.o(.text) for __user_perproc_libspace
    sys_stackheap_outer.o(.text) refers to startup_mkl46z4.o(.text) for __user_initial_stackheap
    sys_stackheap_outer.o(__vectab_stack_and_reset_area) refers to tempstk.o(.text) for __temporary_stack_top
    sys_stackheap_outer.o(__vectab_stack_and_reset_area) refers to __main.o(!!!main) for __main
    exit.o(.text) refers to rtexit.o(.ARM.Collect$$rtexit$$00000000) for __rt_exit
    defsig_fpe_outer.o(.text) refers to defsig_fpe_inner.o(.text) for __rt_SIGFPE_inner
    defsig_fpe_outer.o(.text) refers to defsig_exit.o(.text) for __sig_exit
    defsig_fpe_formal.o(.text) refers to rt_raise.o(.text) for __rt_raise
    libinit.o(.ARM.Collect$$libinit$$00000000) refers (Special) to libinit2.o(.ARM.Collect$$libinit$$0000002E) for __rt_lib_init_alloca_1
    libinit.o(.ARM.Collect$$libinit$$00000000) refers (Special) to libinit2.o(.ARM.Collect$$libinit$$0000002C) for __rt_lib_init_argv_1
    libinit.o(.ARM.Collect$$libinit$$00000000) refers (Special) to libinit2.o(.ARM.Collect$$libinit$$0000001B) for __rt_lib_init_atexit_1
    libinit.o(.ARM.Collect$$libinit$$00000000) refers (Special) to libinit2.o(.ARM.Collect$$libinit$$00000021) for __rt_lib_init_clock_1
    libinit.o(.ARM.Collect$$libinit$$00000000) refers (Special) to libinit2.o(.ARM.Collect$$libinit$$00000032) for __rt_lib_init_cpp_1
    libinit.o(.ARM.Collect$$libinit$$00000000) refers (Special) to libinit2.o(.ARM.Collect$$libinit$$00000030) for __rt_lib_init_exceptions_1
    libinit.o(.ARM.Collect$$libinit$$00000000) refers (Special) to libinit2.o(.ARM.Collect$$libinit$$00000002) for __rt_lib_init_fp_1
    libinit.o(.ARM.Collect$$libinit$$00000000) refers (Special) to libinit2.o(.ARM.Collect$$libinit$$0000001F) for __rt_lib_init_fp_trap_1
    libinit.o(.ARM.Collect$$libinit$$00000000) refers (Special) to libinit2.o(.ARM.Collect$$libinit$$00000023) for __rt_lib_init_getenv_1
    libinit.o(.ARM.Collect$$libinit$$00000000) refers (Special) to libinit2.o(.ARM.Collect$$libinit$$0000000A) for __rt_lib_init_heap_1
    libinit.o(.ARM.Collect$$libinit$$00000000) refers (Special) to libinit2.o(.ARM.Collect$$libinit$$00000011) for __rt_lib_init_lc_collate_1
    libinit.o(.ARM.Collect$$libinit$$00000000) refers (Special) to libinit2.o(.ARM.Collect$$libinit$$00000013) for __rt_lib_init_lc_ctype_1
    libinit.o(.ARM.Collect$$libinit$$00000000) refers (Special) to libinit2.o(.ARM.Collect$$libinit$$00000015) for __rt_lib_init_lc_monetary_1
    libinit.o(.ARM.Collect$$libinit$$00000000) refers (Special) to libinit2.o(.ARM.Collect$$libinit$$00000017) for __rt_lib_init_lc_numeric_1
    libinit.o(.ARM.Collect$$libinit$$00000000) refers (Special) to libinit2.o(.ARM.Collect$$libinit$$00000019) for __rt_lib_init_lc_time_1
    libinit.o(.ARM.Collect$$libinit$$00000000) refers (Special) to libinit2.o(.ARM.Collect$$libinit$$00000004) for __rt_lib_init_preinit_1
    libinit.o(.ARM.Collect$$libinit$$00000000) refers (Special) to libinit2.o(.ARM.Collect$$libinit$$0000000E) for __rt_lib_init_rand_1
    libinit.o(.ARM.Collect$$libinit$$00000000) refers (Special) to libinit2.o(.ARM.Collect$$libinit$$00000033) for __rt_lib_init_return
    libinit.o(.ARM.Collect$$libinit$$00000000) refers (Special) to libinit2.o(.ARM.Collect$$libinit$$0000001D) for __rt_lib_init_signal_1
    libinit.o(.ARM.Collect$$libinit$$00000000) refers (Special) to libinit2.o(.ARM.Collect$$libinit$$00000025) for __rt_lib_init_stdio_1
    libinit.o(.ARM.Collect$$libinit$$00000000) refers (Special) to libinit2.o(.ARM.Collect$$libinit$$0000000C) for __rt_lib_init_user_alloc_1
    libspace.o(.text) refers to libspace.o(.bss) for __libspace_start
    rtexit.o(.ARM.Collect$$rtexit$$00000000) refers (Special) to rtexit2.o(.ARM.Collect$$rtexit$$00000004) for __rt_exit_exit
    rtexit.o(.ARM.Collect$$rtexit$$00000000) refers (Special) to rtexit2.o(.ARM.Collect$$rtexit$$00000003) for __rt_exit_ls
    rtexit.o(.ARM.Collect$$rtexit$$00000000) refers (Special) to rtexit2.o(.ARM.Collect$$rtexit$$00000002) for __rt_exit_prels_1
    rtexit.o(.ARM.exidx) refers (Special) to rtexit2.o(.ARM.Collect$$rtexit$$00000004) for __rt_exit_exit
    rtexit.o(.ARM.exidx) refers (Special) to rtexit2.o(.ARM.Collect$$rtexit$$00000003) for __rt_exit_ls
    rtexit.o(.ARM.exidx) refers (Special) to rtexit2.o(.ARM.Collect$$rtexit$$00000002) for __rt_exit_prels_1
    rtexit.o(.ARM.exidx) refers to rtexit.o(.ARM.Collect$$rtexit$$00000000) for .ARM.Collect$$rtexit$$00000000
    rt_raise.o(.text) refers to __raise.o(.text) for __raise
    rt_raise.o(.text) refers to sys_exit.o(.text) for _sys_exit
    defsig_exit.o(.text) refers to sys_exit.o(.text) for _sys_exit
    defsig_fpe_inner.o(.text) refers to defsig_general.o(.text) for __default_signal_display
    libinit2.o(.ARM.Collect$$libinit$$00000010) refers to libinit2.o(.ARM.Collect$$libinit$$0000000F) for .ARM.Collect$$libinit$$0000000F
    libinit2.o(.ARM.Collect$$libinit$$00000012) refers to libinit2.o(.ARM.Collect$$libinit$$0000000F) for .ARM.Collect$$libinit$$0000000F
    libinit2.o(.ARM.Collect$$libinit$$00000014) refers to libinit2.o(.ARM.Collect$$libinit$$0000000F) for .ARM.Collect$$libinit$$0000000F
    libinit2.o(.ARM.Collect$$libinit$$00000016) refers to libinit2.o(.ARM.Collect$$libinit$$0000000F) for .ARM.Collect$$libinit$$0000000F
    libinit2.o(.ARM.Collect$$libinit$$00000018) refers to libinit2.o(.ARM.Collect$$libinit$$0000000F) for .ARM.Collect$$libinit$$0000000F
    libinit2.o(.ARM.Collect$$libinit$$00000026) refers to argv_veneer.o(.text) for __ARM_argv_veneer
    libinit2.o(.ARM.Collect$$libinit$$00000027) refers to argv_veneer.o(.text) for __ARM_argv_veneer
    sys_exit.o(.text) refers (Special) to use_no_semi.o(.text) for __I$use$semihosting
    sys_exit.o(.text) refers (Special) to indicate_semi.o(.text) for __semihosting_library_function
    rtexit2.o(.ARM.Collect$$rtexit$$00000003) refers to libshutdown.o(.ARM.Collect$$libshutdown$$00000000) for __rt_lib_shutdown
    rtexit2.o(.ARM.Collect$$rtexit$$00000004) refers to sys_exit.o(.text) for _sys_exit
    rtexit2.o(.ARM.exidx) refers to rtexit2.o(.ARM.Collect$$rtexit$$00000001) for .ARM.Collect$$rtexit$$00000001
    rtexit2.o(.ARM.exidx) refers to rtexit2.o(.ARM.Collect$$rtexit$$00000003) for .ARM.Collect$$rtexit$$00000003
    rtexit2.o(.ARM.exidx) refers to rtexit2.o(.ARM.Collect$$rtexit$$00000004) for .ARM.Collect$$rtexit$$00000004
    __raise.o(.text) refers to defsig.o(CL$$defsig) for __default_signal_handler
    defsig_general.o(.text) refers to sys_wrch.o(.text) for _ttywrch
    sys_wrch.o(.text) refers (Special) to use_no_semi.o(.text) for __I$use$semihosting
    sys_wrch.o(.text) refers (Special) to indicate_semi.o(.text) for __semihosting_library_function
    defsig.o(CL$$defsig) refers to defsig_fpe_inner.o(.text) for __rt_SIGFPE_inner
    defsig.o(CL$$defsig) refers to defsig_rtmem_inner.o(.text) for __rt_SIGRTMEM_inner
    _get_argv_nomalloc.o(.text) refers (Special) to hrguard.o(.text) for __heap_region$guard
    _get_argv_nomalloc.o(.text) refers to defsig_rtmem_outer.o(.text) for __rt_SIGRTMEM
    _get_argv_nomalloc.o(.text) refers to sys_command.o(.text) for _sys_command_string
    libshutdown.o(.ARM.Collect$$libshutdown$$00000000) refers (Special) to libshutdown2.o(.ARM.Collect$$libshutdown$$00000006) for __rt_lib_shutdown_fp_trap_1
    libshutdown.o(.ARM.Collect$$libshutdown$$00000000) refers (Special) to libshutdown2.o(.ARM.Collect$$libshutdown$$0000000E) for __rt_lib_shutdown_heap_1
    libshutdown.o(.ARM.Collect$$libshutdown$$00000000) refers (Special) to libshutdown2.o(.ARM.Collect$$libshutdown$$0000000F) for __rt_lib_shutdown_return
    libshutdown.o(.ARM.Collect$$libshutdown$$00000000) refers (Special) to libshutdown2.o(.ARM.Collect$$libshutdown$$00000009) for __rt_lib_shutdown_signal_1
    libshutdown.o(.ARM.Collect$$libshutdown$$00000000) refers (Special) to libshutdown2.o(.ARM.Collect$$libshutdown$$00000003) for __rt_lib_shutdown_stdio_1
    libshutdown.o(.ARM.Collect$$libshutdown$$00000000) refers (Special) to libshutdown2.o(.ARM.Collect$$libshutdown$$0000000B) for __rt_lib_shutdown_user_alloc_1
    sys_command.o(.text) refers (Special) to use_no_semi.o(.text) for __I$use$semihosting
    sys_command.o(.text) refers (Special) to indicate_semi.o(.text) for __semihosting_library_function
    defsig_abrt_inner.o(.text) refers to defsig_general.o(.text) for __default_signal_display
    defsig_rtred_inner.o(.text) refers to defsig_general.o(.text) for __default_signal_display
    defsig_rtmem_inner.o(.text) refers to defsig_general.o(.text) for __default_signal_display
    defsig_rtmem_outer.o(.text) refers to defsig_rtmem_inner.o(.text) for __rt_SIGRTMEM_inner
    defsig_rtmem_outer.o(.text) refers to defsig_exit.o(.text) for __sig_exit
    defsig_rtmem_formal.o(.text) refers to rt_raise.o(.text) for __rt_raise
    defsig_stak_inner.o(.text) refers to defsig_general.o(.text) for __default_signal_display
    defsig_pvfn_inner.o(.text) refers to defsig_general.o(.text) for __default_signal_display
    defsig_cppl_inner.o(.text) refers to defsig_general.o(.text) for __default_signal_display
    defsig_segv_inner.o(.text) refers to defsig_general.o(.text) for __default_signal_display
    defsig_other.o(.text) refers to defsig_general.o(.text) for __default_signal_display


==============================================================================

Removing Unused input sections from the image.

    Removing main.o(.rev16_text), (4 bytes).
    Removing main.o(.revsh_text), (4 bytes).
    Removing gpio.o(.rev16_text), (4 bytes).
    Removing gpio.o(.revsh_text), (4 bytes).
    Removing system_mkl46z4.o(.rev16_text), (4 bytes).
    Removing system_mkl46z4.o(.revsh_text), (4 bytes).

6 unused section(s) (total 24 bytes) removed from the image.

==============================================================================

Image Symbol Table

    Local Symbols

    Symbol Name                              Value     Ov Type        Size  Object(Section)

    ../clib/angel/boardlib.s                 0x00000000   Number         0  boardinit3.o ABSOLUTE
    ../clib/angel/boardlib.s                 0x00000000   Number         0  boardinit2.o ABSOLUTE
    ../clib/angel/boardlib.s                 0x00000000   Number         0  boardinit1.o ABSOLUTE
    ../clib/angel/boardlib.s                 0x00000000   Number         0  boardshut.o ABSOLUTE
    ../clib/angel/handlers.s                 0x00000000   Number         0  __scatter_zi.o ABSOLUTE
    ../clib/angel/handlers.s                 0x00000000   Number         0  __scatter_copy.o ABSOLUTE
    ../clib/angel/kernel.s                   0x00000000   Number         0  rtexit2.o ABSOLUTE
    ../clib/angel/kernel.s                   0x00000000   Number         0  __rtentry2.o ABSOLUTE
    ../clib/angel/kernel.s                   0x00000000   Number         0  rtexit.o ABSOLUTE
    ../clib/angel/kernel.s                   0x00000000   Number         0  __rtentry.o ABSOLUTE
    ../clib/angel/kernel.s                   0x00000000   Number         0  __rtentry4.o ABSOLUTE
    ../clib/angel/rt.s                       0x00000000   Number         0  rt_raise.o ABSOLUTE
    ../clib/angel/rt.s                       0x00000000   Number         0  aeabi_idiv0.o ABSOLUTE
    ../clib/angel/rt.s                       0x00000000   Number         0  aeabi_idiv0_sigfpe.o ABSOLUTE
    ../clib/angel/rt.s                       0x00000000   Number         0  rt_div0.o ABSOLUTE
    ../clib/angel/scatterp.s                 0x00000000   Number         0  __scatter.o ABSOLUTE
    ../clib/angel/startup.s                  0x00000000   Number         0  __main.o ABSOLUTE
    ../clib/angel/sys.s                      0x00000000   Number         0  tempstk.o ABSOLUTE
    ../clib/angel/sys.s                      0x00000000   Number         0  libspace.o ABSOLUTE
    ../clib/angel/sys.s                      0x00000000   Number         0  use_no_semi.o ABSOLUTE
    ../clib/angel/sys.s                      0x00000000   Number         0  sys_stackheap_outer.o ABSOLUTE
    ../clib/angel/sys.s                      0x00000000   Number         0  indicate_semi.o ABSOLUTE
    ../clib/angel/sysapp.c                   0x00000000   Number         0  sys_command.o ABSOLUTE
    ../clib/angel/sysapp.c                   0x00000000   Number         0  sys_exit.o ABSOLUTE
    ../clib/angel/sysapp.c                   0x00000000   Number         0  sys_wrch.o ABSOLUTE
    ../clib/armsys.c                         0x00000000   Number         0  argv_veneer.o ABSOLUTE
    ../clib/armsys.c                         0x00000000   Number         0  _get_argv_nomalloc.o ABSOLUTE
    ../clib/armsys.c                         0x00000000   Number         0  no_argv.o ABSOLUTE
    ../clib/division.s                       0x00000000   Number         0  aeabi_sdiv.o ABSOLUTE
    ../clib/division.s                       0x00000000   Number         0  aeabi_sdiv_div0.o ABSOLUTE
    ../clib/heapalloc.c                      0x00000000   Number         0  hrguard.o ABSOLUTE
    ../clib/heapaux.c                        0x00000000   Number         0  heapauxi.o ABSOLUTE
    ../clib/libinit.s                        0x00000000   Number         0  libshutdown.o ABSOLUTE
    ../clib/libinit.s                        0x00000000   Number         0  libinit.o ABSOLUTE
    ../clib/libinit.s                        0x00000000   Number         0  libshutdown2.o ABSOLUTE
    ../clib/libinit.s                        0x00000000   Number         0  libinit2.o ABSOLUTE
    ../clib/signal.c                         0x00000000   Number         0  defsig_exit.o ABSOLUTE
    ../clib/signal.c                         0x00000000   Number         0  defsig_fpe_inner.o ABSOLUTE
    ../clib/signal.c                         0x00000000   Number         0  defsig_rtred_inner.o ABSOLUTE
    ../clib/signal.c                         0x00000000   Number         0  defsig_rtmem_inner.o ABSOLUTE
    ../clib/signal.c                         0x00000000   Number         0  defsig_rtmem_outer.o ABSOLUTE
    ../clib/signal.c                         0x00000000   Number         0  defsig_rtmem_formal.o ABSOLUTE
    ../clib/signal.c                         0x00000000   Number         0  defsig_stak_inner.o ABSOLUTE
    ../clib/signal.c                         0x00000000   Number         0  defsig_cppl_inner.o ABSOLUTE
    ../clib/signal.c                         0x00000000   Number         0  defsig_fpe_outer.o ABSOLUTE
    ../clib/signal.c                         0x00000000   Number         0  defsig_fpe_formal.o ABSOLUTE
    ../clib/signal.c                         0x00000000   Number         0  defsig_pvfn_inner.o ABSOLUTE
    ../clib/signal.c                         0x00000000   Number         0  defsig_segv_inner.o ABSOLUTE
    ../clib/signal.c                         0x00000000   Number         0  defsig_other.o ABSOLUTE
    ../clib/signal.c                         0x00000000   Number         0  __raise.o ABSOLUTE
    ../clib/signal.c                         0x00000000   Number         0  defsig_abrt_inner.o ABSOLUTE
    ../clib/signal.c                         0x00000000   Number         0  defsig_general.o ABSOLUTE
    ../clib/signal.s                         0x00000000   Number         0  defsig.o ABSOLUTE
    ../clib/stdlib.c                         0x00000000   Number         0  exit.o ABSOLUTE
    ../fplib/cfplib/fpinit.c                 0x00000000   Number         0  fpinit.o ABSOLUTE
    GPIO.c                                   0x00000000   Number         0  gpio.o ABSOLUTE
    GPIO.c                                   0x00000000   Number         0  gpio.o ABSOLUTE
    RTE\Device\MKL46Z256xxx4\startup_MKL46Z4.s 0x00000000   Number         0  startup_mkl46z4.o ABSOLUTE
    RTE\Device\MKL46Z256xxx4\system_MKL46Z4.c 0x00000000   Number         0  system_mkl46z4.o ABSOLUTE
    RTE\\Device\\MKL46Z256xxx4\\system_MKL46Z4.c 0x00000000   Number         0  system_mkl46z4.o ABSOLUTE
    dc.s                                     0x00000000   Number         0  dc.o ABSOLUTE
    main.c                                   0x00000000   Number         0  main.o ABSOLUTE
    main.c                                   0x00000000   Number         0  main.o ABSOLUTE
    RESET                                    0x1fffe000   Section      192  startup_mkl46z4.o(RESET)
    !!!main                                  0x1fffe0c0   Section        8  __main.o(!!!main)
    !!!scatter                               0x1fffe0c8   Section       60  __scatter.o(!!!scatter)
    !!handler_copy                           0x1fffe104   Section       26  __scatter_copy.o(!!handler_copy)
    !!handler_zi                             0x1fffe120   Section       28  __scatter_zi.o(!!handler_zi)
    .ARM.Collect$$libinit$$00000000          0x1fffe13c   Section        2  libinit.o(.ARM.Collect$$libinit$$00000000)
    .ARM.Collect$$libinit$$00000002          0x1fffe13e   Section        0  libinit2.o(.ARM.Collect$$libinit$$00000002)
    .ARM.Collect$$libinit$$00000004          0x1fffe13e   Section        0  libinit2.o(.ARM.Collect$$libinit$$00000004)
    .ARM.Collect$$libinit$$0000000A          0x1fffe13e   Section        0  libinit2.o(.ARM.Collect$$libinit$$0000000A)
    .ARM.Collect$$libinit$$0000000C          0x1fffe13e   Section        0  libinit2.o(.ARM.Collect$$libinit$$0000000C)
    .ARM.Collect$$libinit$$0000000E          0x1fffe13e   Section        0  libinit2.o(.ARM.Collect$$libinit$$0000000E)
    .ARM.Collect$$libinit$$00000011          0x1fffe13e   Section        0  libinit2.o(.ARM.Collect$$libinit$$00000011)
    .ARM.Collect$$libinit$$00000013          0x1fffe13e   Section        0  libinit2.o(.ARM.Collect$$libinit$$00000013)
    .ARM.Collect$$libinit$$00000015          0x1fffe13e   Section        0  libinit2.o(.ARM.Collect$$libinit$$00000015)
    .ARM.Collect$$libinit$$00000017          0x1fffe13e   Section        0  libinit2.o(.ARM.Collect$$libinit$$00000017)
    .ARM.Collect$$libinit$$00000019          0x1fffe13e   Section        0  libinit2.o(.ARM.Collect$$libinit$$00000019)
    .ARM.Collect$$libinit$$0000001B          0x1fffe13e   Section        0  libinit2.o(.ARM.Collect$$libinit$$0000001B)
    .ARM.Collect$$libinit$$0000001D          0x1fffe13e   Section        0  libinit2.o(.ARM.Collect$$libinit$$0000001D)
    .ARM.Collect$$libinit$$0000001F          0x1fffe13e   Section        0  libinit2.o(.ARM.Collect$$libinit$$0000001F)
    .ARM.Collect$$libinit$$00000021          0x1fffe13e   Section        0  libinit2.o(.ARM.Collect$$libinit$$00000021)
    .ARM.Collect$$libinit$$00000023          0x1fffe13e   Section        0  libinit2.o(.ARM.Collect$$libinit$$00000023)
    .ARM.Collect$$libinit$$00000025          0x1fffe13e   Section        0  libinit2.o(.ARM.Collect$$libinit$$00000025)
    .ARM.Collect$$libinit$$0000002C          0x1fffe13e   Section        0  libinit2.o(.ARM.Collect$$libinit$$0000002C)
    .ARM.Collect$$libinit$$0000002E          0x1fffe13e   Section        0  libinit2.o(.ARM.Collect$$libinit$$0000002E)
    .ARM.Collect$$libinit$$00000030          0x1fffe13e   Section        0  libinit2.o(.ARM.Collect$$libinit$$00000030)
    .ARM.Collect$$libinit$$00000032          0x1fffe13e   Section        0  libinit2.o(.ARM.Collect$$libinit$$00000032)
    .ARM.Collect$$libinit$$00000033          0x1fffe13e   Section        2  libinit2.o(.ARM.Collect$$libinit$$00000033)
    .ARM.Collect$$libshutdown$$00000000      0x1fffe140   Section        2  libshutdown.o(.ARM.Collect$$libshutdown$$00000000)
    .ARM.Collect$$libshutdown$$00000003      0x1fffe142   Section        0  libshutdown2.o(.ARM.Collect$$libshutdown$$00000003)
    .ARM.Collect$$libshutdown$$00000006      0x1fffe142   Section        0  libshutdown2.o(.ARM.Collect$$libshutdown$$00000006)
    .ARM.Collect$$libshutdown$$00000009      0x1fffe142   Section        0  libshutdown2.o(.ARM.Collect$$libshutdown$$00000009)
    .ARM.Collect$$libshutdown$$0000000B      0x1fffe142   Section        0  libshutdown2.o(.ARM.Collect$$libshutdown$$0000000B)
    .ARM.Collect$$libshutdown$$0000000E      0x1fffe142   Section        0  libshutdown2.o(.ARM.Collect$$libshutdown$$0000000E)
    .ARM.Collect$$libshutdown$$0000000F      0x1fffe142   Section        2  libshutdown2.o(.ARM.Collect$$libshutdown$$0000000F)
    .ARM.Collect$$rtentry$$00000000          0x1fffe144   Section        0  __rtentry.o(.ARM.Collect$$rtentry$$00000000)
    .ARM.Collect$$rtentry$$00000002          0x1fffe144   Section        0  __rtentry2.o(.ARM.Collect$$rtentry$$00000002)
    .ARM.Collect$$rtentry$$00000004          0x1fffe144   Section        6  __rtentry4.o(.ARM.Collect$$rtentry$$00000004)
    .ARM.Collect$$rtentry$$00000009          0x1fffe14a   Section        0  __rtentry2.o(.ARM.Collect$$rtentry$$00000009)
    .ARM.Collect$$rtentry$$0000000A          0x1fffe14a   Section        4  __rtentry2.o(.ARM.Collect$$rtentry$$0000000A)
    .ARM.Collect$$rtentry$$0000000C          0x1fffe14e   Section        0  __rtentry2.o(.ARM.Collect$$rtentry$$0000000C)
    .ARM.Collect$$rtentry$$0000000D          0x1fffe14e   Section        8  __rtentry2.o(.ARM.Collect$$rtentry$$0000000D)
    .ARM.Collect$$rtexit$$00000000           0x1fffe156   Section        2  rtexit.o(.ARM.Collect$$rtexit$$00000000)
    .ARM.Collect$$rtexit$$00000002           0x1fffe158   Section        0  rtexit2.o(.ARM.Collect$$rtexit$$00000002)
    .ARM.Collect$$rtexit$$00000003           0x1fffe158   Section        4  rtexit2.o(.ARM.Collect$$rtexit$$00000003)
    .ARM.Collect$$rtexit$$00000004           0x1fffe15c   Section        6  rtexit2.o(.ARM.Collect$$rtexit$$00000004)
    .text                                    0x1fffe164   Section        0  main.o(.text)
    .text                                    0x1fffe1b8   Section        0  gpio.o(.text)
    .text                                    0x1fffe24c   Section       80  startup_mkl46z4.o(.text)
    .text                                    0x1fffe29c   Section        0  system_mkl46z4.o(.text)
    .text                                    0x1fffe45c   Section      346  aeabi_sdiv.o(.text)
    .text                                    0x1fffe5b6   Section        0  heapauxi.o(.text)
    .text                                    0x1fffe5bc   Section       62  sys_stackheap_outer.o(.text)
    .text                                    0x1fffe5fa   Section        0  exit.o(.text)
    .text                                    0x1fffe608   Section        8  libspace.o(.text)
    .text                                    0x1fffe610   Section        0  sys_exit.o(.text)
    .text                                    0x1fffe61c   Section        2  use_no_semi.o(.text)
    .text                                    0x1fffe61e   Section        0  indicate_semi.o(.text)
    i.__ARM_common_switch8                   0x1fffe61e   Section        0  system_mkl46z4.o(i.__ARM_common_switch8)
    .constdata                               0x1fffe63c   Section        8  gpio.o(.constdata)
    .data                                    0x20004000   Section        4  main.o(.data)
    .data                                    0x20004004   Section        4  system_mkl46z4.o(.data)
    .bss                                     0x20004008   Section       96  libspace.o(.bss)
    HEAP                                     0x20004068   Section        0  startup_mkl46z4.o(HEAP)
    STACK                                    0x20004068   Section      256  startup_mkl46z4.o(STACK)
    Heap_Mem                                 0x20004068   Data           0  startup_mkl46z4.o(HEAP)
    Stack_Mem                                0x20004068   Data         256  startup_mkl46z4.o(STACK)
    __initial_sp                             0x20004168   Data           0  startup_mkl46z4.o(STACK)

    Global Symbols

    Symbol Name                              Value     Ov Type        Size  Object(Section)

    BuildAttributes$$THM_ISAv3M$S$PE$A:L22$X:L11$S22$IEEE1$IW$USESV6$~STKCKD$USESV7$~SHL$OSPACE$ROPI$EBA8$UX$STANDARDLIB$REQ8$PRES8$EABIv2 0x00000000   Number         0  anon$$obj.o ABSOLUTE
    __ARM_use_no_argv                        0x00000000   Number         0  main.o ABSOLUTE
    __ARM_exceptions_init                     - Undefined Weak Reference
    __alloca_initialize                       - Undefined Weak Reference
    __arm_preinit_                            - Undefined Weak Reference
    __cpp_initialize__aeabi_                  - Undefined Weak Reference
    __cxa_finalize                            - Undefined Weak Reference
    __rt_locale                               - Undefined Weak Reference
    __sigvec_lookup                           - Undefined Weak Reference
    _atexit_init                              - Undefined Weak Reference
    _call_atexit_fns                          - Undefined Weak Reference
    _clock_init                               - Undefined Weak Reference
    _fp_trap_init                             - Undefined Weak Reference
    _fp_trap_shutdown                         - Undefined Weak Reference
    _get_lc_collate                           - Undefined Weak Reference
    _get_lc_ctype                             - Undefined Weak Reference
    _get_lc_monetary                          - Undefined Weak Reference
    _get_lc_numeric                           - Undefined Weak Reference
    _get_lc_time                              - Undefined Weak Reference
    _getenv_init                              - Undefined Weak Reference
    _handle_redirection                       - Undefined Weak Reference
    _init_alloc                               - Undefined Weak Reference
    _init_user_alloc                          - Undefined Weak Reference
    _initio                                   - Undefined Weak Reference
    _rand_init                                - Undefined Weak Reference
    _signal_finish                            - Undefined Weak Reference
    _signal_init                              - Undefined Weak Reference
    _terminate_alloc                          - Undefined Weak Reference
    _terminate_user_alloc                     - Undefined Weak Reference
    _terminateio                              - Undefined Weak Reference
    __Vectors_Size                           0x000000c0   Number         0  startup_mkl46z4.o ABSOLUTE
    __Vectors                                0x1fffe000   Data           4  startup_mkl46z4.o(RESET)
    __Vectors_End                            0x1fffe0c0   Data           0  startup_mkl46z4.o(RESET)
    __main                                   0x1fffe0c1   Thumb Code     8  __main.o(!!!main)
    __scatterload                            0x1fffe0c9   Thumb Code     0  __scatter.o(!!!scatter)
    __scatterload_rt2                        0x1fffe0c9   Thumb Code    52  __scatter.o(!!!scatter)
    __scatterload_rt2_thumb_only             0x1fffe0c9   Thumb Code     0  __scatter.o(!!!scatter)
    __scatterload_null                       0x1fffe0d9   Thumb Code     0  __scatter.o(!!!scatter)
    __scatterload_copy                       0x1fffe105   Thumb Code    26  __scatter_copy.o(!!handler_copy)
    __scatterload_zeroinit                   0x1fffe121   Thumb Code    28  __scatter_zi.o(!!handler_zi)
    __rt_lib_init                            0x1fffe13d   Thumb Code     0  libinit.o(.ARM.Collect$$libinit$$00000000)
    __rt_lib_init_alloca_1                   0x1fffe13f   Thumb Code     0  libinit2.o(.ARM.Collect$$libinit$$0000002E)
    __rt_lib_init_argv_1                     0x1fffe13f   Thumb Code     0  libinit2.o(.ARM.Collect$$libinit$$0000002C)
    __rt_lib_init_atexit_1                   0x1fffe13f   Thumb Code     0  libinit2.o(.ARM.Collect$$libinit$$0000001B)
    __rt_lib_init_clock_1                    0x1fffe13f   Thumb Code     0  libinit2.o(.ARM.Collect$$libinit$$00000021)
    __rt_lib_init_cpp_1                      0x1fffe13f   Thumb Code     0  libinit2.o(.ARM.Collect$$libinit$$00000032)
    __rt_lib_init_exceptions_1               0x1fffe13f   Thumb Code     0  libinit2.o(.ARM.Collect$$libinit$$00000030)
    __rt_lib_init_fp_1                       0x1fffe13f   Thumb Code     0  libinit2.o(.ARM.Collect$$libinit$$00000002)
    __rt_lib_init_fp_trap_1                  0x1fffe13f   Thumb Code     0  libinit2.o(.ARM.Collect$$libinit$$0000001F)
    __rt_lib_init_getenv_1                   0x1fffe13f   Thumb Code     0  libinit2.o(.ARM.Collect$$libinit$$00000023)
    __rt_lib_init_heap_1                     0x1fffe13f   Thumb Code     0  libinit2.o(.ARM.Collect$$libinit$$0000000A)
    __rt_lib_init_lc_collate_1               0x1fffe13f   Thumb Code     0  libinit2.o(.ARM.Collect$$libinit$$00000011)
    __rt_lib_init_lc_ctype_1                 0x1fffe13f   Thumb Code     0  libinit2.o(.ARM.Collect$$libinit$$00000013)
    __rt_lib_init_lc_monetary_1              0x1fffe13f   Thumb Code     0  libinit2.o(.ARM.Collect$$libinit$$00000015)
    __rt_lib_init_lc_numeric_1               0x1fffe13f   Thumb Code     0  libinit2.o(.ARM.Collect$$libinit$$00000017)
    __rt_lib_init_lc_time_1                  0x1fffe13f   Thumb Code     0  libinit2.o(.ARM.Collect$$libinit$$00000019)
    __rt_lib_init_preinit_1                  0x1fffe13f   Thumb Code     0  libinit2.o(.ARM.Collect$$libinit$$00000004)
    __rt_lib_init_rand_1                     0x1fffe13f   Thumb Code     0  libinit2.o(.ARM.Collect$$libinit$$0000000E)
    __rt_lib_init_return                     0x1fffe13f   Thumb Code     0  libinit2.o(.ARM.Collect$$libinit$$00000033)
    __rt_lib_init_signal_1                   0x1fffe13f   Thumb Code     0  libinit2.o(.ARM.Collect$$libinit$$0000001D)
    __rt_lib_init_stdio_1                    0x1fffe13f   Thumb Code     0  libinit2.o(.ARM.Collect$$libinit$$00000025)
    __rt_lib_init_user_alloc_1               0x1fffe13f   Thumb Code     0  libinit2.o(.ARM.Collect$$libinit$$0000000C)
    __rt_lib_shutdown                        0x1fffe141   Thumb Code     0  libshutdown.o(.ARM.Collect$$libshutdown$$00000000)
    __rt_lib_shutdown_fp_trap_1              0x1fffe143   Thumb Code     0  libshutdown2.o(.ARM.Collect$$libshutdown$$00000006)
    __rt_lib_shutdown_heap_1                 0x1fffe143   Thumb Code     0  libshutdown2.o(.ARM.Collect$$libshutdown$$0000000E)
    __rt_lib_shutdown_return                 0x1fffe143   Thumb Code     0  libshutdown2.o(.ARM.Collect$$libshutdown$$0000000F)
    __rt_lib_shutdown_signal_1               0x1fffe143   Thumb Code     0  libshutdown2.o(.ARM.Collect$$libshutdown$$00000009)
    __rt_lib_shutdown_stdio_1                0x1fffe143   Thumb Code     0  libshutdown2.o(.ARM.Collect$$libshutdown$$00000003)
    __rt_lib_shutdown_user_alloc_1           0x1fffe143   Thumb Code     0  libshutdown2.o(.ARM.Collect$$libshutdown$$0000000B)
    __rt_entry                               0x1fffe145   Thumb Code     0  __rtentry.o(.ARM.Collect$$rtentry$$00000000)
    __rt_entry_presh_1                       0x1fffe145   Thumb Code     0  __rtentry2.o(.ARM.Collect$$rtentry$$00000002)
    __rt_entry_sh                            0x1fffe145   Thumb Code     0  __rtentry4.o(.ARM.Collect$$rtentry$$00000004)
    __rt_entry_li                            0x1fffe14b   Thumb Code     0  __rtentry2.o(.ARM.Collect$$rtentry$$0000000A)
    __rt_entry_postsh_1                      0x1fffe14b   Thumb Code     0  __rtentry2.o(.ARM.Collect$$rtentry$$00000009)
    __rt_entry_main                          0x1fffe14f   Thumb Code     0  __rtentry2.o(.ARM.Collect$$rtentry$$0000000D)
    __rt_entry_postli_1                      0x1fffe14f   Thumb Code     0  __rtentry2.o(.ARM.Collect$$rtentry$$0000000C)
    __rt_exit                                0x1fffe157   Thumb Code     0  rtexit.o(.ARM.Collect$$rtexit$$00000000)
    __rt_exit_ls                             0x1fffe159   Thumb Code     0  rtexit2.o(.ARM.Collect$$rtexit$$00000003)
    __rt_exit_prels_1                        0x1fffe159   Thumb Code     0  rtexit2.o(.ARM.Collect$$rtexit$$00000002)
    __rt_exit_exit                           0x1fffe15d   Thumb Code     0  rtexit2.o(.ARM.Collect$$rtexit$$00000004)
    delay2                                   0x1fffe165   Thumb Code    54  main.o(.text)
    main                                     0x1fffe19b   Thumb Code    22  main.o(.text)
    Init_LED                                 0x1fffe1b9   Thumb Code    62  gpio.o(.text)
    LED_GREEN_ON                             0x1fffe1f7   Thumb Code    10  gpio.o(.text)
    LED_GREEN_OFF                            0x1fffe201   Thumb Code    10  gpio.o(.text)
    LED_GREEN_TOGGLE                         0x1fffe20b   Thumb Code    10  gpio.o(.text)
    LED_RED_ON                               0x1fffe215   Thumb Code    12  gpio.o(.text)
    LED_RED_OFF                              0x1fffe221   Thumb Code    12  gpio.o(.text)
    LED_RED_TOGGLE                           0x1fffe22d   Thumb Code    12  gpio.o(.text)
    Reset_Handler                            0x1fffe24d   Thumb Code    22  startup_mkl46z4.o(.text)
    NMI_Handler                              0x1fffe263   Thumb Code     2  startup_mkl46z4.o(.text)
    HardFault_Handler                        0x1fffe265   Thumb Code     2  startup_mkl46z4.o(.text)
    SVC_Handler                              0x1fffe267   Thumb Code     2  startup_mkl46z4.o(.text)
    PendSV_Handler                           0x1fffe269   Thumb Code     2  startup_mkl46z4.o(.text)
    SysTick_Handler                          0x1fffe26b   Thumb Code     2  startup_mkl46z4.o(.text)
    ADC0_IRQHandler                          0x1fffe26d   Thumb Code     0  startup_mkl46z4.o(.text)
    CMP0_IRQHandler                          0x1fffe26d   Thumb Code     0  startup_mkl46z4.o(.text)
    DAC0_IRQHandler                          0x1fffe26d   Thumb Code     0  startup_mkl46z4.o(.text)
    DMA0_IRQHandler                          0x1fffe26d   Thumb Code     0  startup_mkl46z4.o(.text)
    DMA1_IRQHandler                          0x1fffe26d   Thumb Code     0  startup_mkl46z4.o(.text)
    DMA2_IRQHandler                          0x1fffe26d   Thumb Code     0  startup_mkl46z4.o(.text)
    DMA3_IRQHandler                          0x1fffe26d   Thumb Code     0  startup_mkl46z4.o(.text)
    DefaultISR                               0x1fffe26d   Thumb Code     0  startup_mkl46z4.o(.text)
    FTFA_IRQHandler                          0x1fffe26d   Thumb Code     0  startup_mkl46z4.o(.text)
    I2C0_IRQHandler                          0x1fffe26d   Thumb Code     0  startup_mkl46z4.o(.text)
    I2C1_IRQHandler                          0x1fffe26d   Thumb Code     0  startup_mkl46z4.o(.text)
    I2S0_IRQHandler                          0x1fffe26d   Thumb Code     0  startup_mkl46z4.o(.text)
    LCD_IRQHandler                           0x1fffe26d   Thumb Code     0  startup_mkl46z4.o(.text)
    LLW_IRQHandler                           0x1fffe26d   Thumb Code     0  startup_mkl46z4.o(.text)
    LPTimer_IRQHandler                       0x1fffe26d   Thumb Code     0  startup_mkl46z4.o(.text)
    LVD_LVW_IRQHandler                       0x1fffe26d   Thumb Code     0  startup_mkl46z4.o(.text)
    MCG_IRQHandler                           0x1fffe26d   Thumb Code     0  startup_mkl46z4.o(.text)
    PIT_IRQHandler                           0x1fffe26d   Thumb Code     0  startup_mkl46z4.o(.text)
    PORTA_IRQHandler                         0x1fffe26d   Thumb Code     0  startup_mkl46z4.o(.text)
    PORTC_PORTD_IRQHandler                   0x1fffe26d   Thumb Code     0  startup_mkl46z4.o(.text)
    RTC_IRQHandler                           0x1fffe26d   Thumb Code     0  startup_mkl46z4.o(.text)
    RTC_Seconds_IRQHandler                   0x1fffe26d   Thumb Code     0  startup_mkl46z4.o(.text)
    Reserved20_IRQHandler                    0x1fffe26d   Thumb Code     0  startup_mkl46z4.o(.text)
    SPI0_IRQHandler                          0x1fffe26d   Thumb Code     0  startup_mkl46z4.o(.text)
    SPI1_IRQHandler                          0x1fffe26d   Thumb Code     0  startup_mkl46z4.o(.text)
    TPM0_IRQHandler                          0x1fffe26d   Thumb Code     0  startup_mkl46z4.o(.text)
    TPM1_IRQHandler                          0x1fffe26d   Thumb Code     0  startup_mkl46z4.o(.text)
    TPM2_IRQHandler                          0x1fffe26d   Thumb Code     0  startup_mkl46z4.o(.text)
    TSI0_IRQHandler                          0x1fffe26d   Thumb Code     0  startup_mkl46z4.o(.text)
    UART0_IRQHandler                         0x1fffe26d   Thumb Code     0  startup_mkl46z4.o(.text)
    UART1_IRQHandler                         0x1fffe26d   Thumb Code     0  startup_mkl46z4.o(.text)
    UART2_IRQHandler                         0x1fffe26d   Thumb Code     0  startup_mkl46z4.o(.text)
    USB0_IRQHandler                          0x1fffe26d   Thumb Code     0  startup_mkl46z4.o(.text)
    __user_initial_stackheap                 0x1fffe271   Thumb Code     0  startup_mkl46z4.o(.text)
    SystemInit                               0x1fffe29d   Thumb Code    94  system_mkl46z4.o(.text)
    SystemCoreClockUpdate                    0x1fffe2fb   Thumb Code   322  system_mkl46z4.o(.text)
    __aeabi_uidiv                            0x1fffe45d   Thumb Code     0  aeabi_sdiv.o(.text)
    __aeabi_uidivmod                         0x1fffe45d   Thumb Code    20  aeabi_sdiv.o(.text)
    __aeabi_idiv                             0x1fffe471   Thumb Code     0  aeabi_sdiv.o(.text)
    __aeabi_idivmod                          0x1fffe471   Thumb Code   326  aeabi_sdiv.o(.text)
    __use_two_region_memory                  0x1fffe5b7   Thumb Code     2  heapauxi.o(.text)
    __rt_heap_escrow$2region                 0x1fffe5b9   Thumb Code     2  heapauxi.o(.text)
    __rt_heap_expand$2region                 0x1fffe5bb   Thumb Code     2  heapauxi.o(.text)
    __user_setup_stackheap                   0x1fffe5bd   Thumb Code    62  sys_stackheap_outer.o(.text)
    exit                                     0x1fffe5fb   Thumb Code    12  exit.o(.text)
    __user_libspace                          0x1fffe609   Thumb Code     8  libspace.o(.text)
    __user_perproc_libspace                  0x1fffe609   Thumb Code     0  libspace.o(.text)
    __user_perthread_libspace                0x1fffe609   Thumb Code     0  libspace.o(.text)
    _sys_exit                                0x1fffe611   Thumb Code     8  sys_exit.o(.text)
    __I$use$semihosting                      0x1fffe61d   Thumb Code     0  use_no_semi.o(.text)
    __use_no_semihosting_swi                 0x1fffe61d   Thumb Code     2  use_no_semi.o(.text)
    __ARM_common_switch8                     0x1fffe61f   Thumb Code    28  system_mkl46z4.o(i.__ARM_common_switch8)
    __semihosting_library_function           0x1fffe61f   Thumb Code     0  indicate_semi.o(.text)
    led_mask                                 0x1fffe63c   Data           8  gpio.o(.constdata)
    Region$$Table$$Base                      0x1fffe644   Number         0  anon$$obj.o(Region$$Table)
    Region$$Table$$Limit                     0x1fffe664   Number         0  anon$$obj.o(Region$$Table)
    i                                        0x20004000   Data           4  main.o(.data)
    SystemCoreClock                          0x20004004   Data           4  system_mkl46z4.o(.data)
    __libspace_start                         0x20004008   Data          96  libspace.o(.bss)
    __temporary_stack_top$libspace           0x20004068   Data           0  libspace.o(.bss)



==============================================================================

Memory Map of the image

  Image Entry point : 0x1fffe0c1

  Load Region LR_IROM1 (Base: 0x1fffe000, Size: 0x0000066c, Max: 0x00006000, ABSOLUTE)

    Execution Region ER_IROM1 (Base: 0x1fffe000, Size: 0x00000664, Max: 0x00006000, ABSOLUTE)

    Base Addr    Size         Type   Attr      Idx    E Section Name        Object

    0x1fffe000   0x000000c0   Data   RO           78    RESET               startup_mkl46z4.o
    0x1fffe0c0   0x00000008   Code   RO          119  * !!!main             c_p.l(__main.o)
    0x1fffe0c8   0x0000003c   Code   RO          287    !!!scatter          c_p.l(__scatter.o)
    0x1fffe104   0x0000001a   Code   RO          289    !!handler_copy      c_p.l(__scatter_copy.o)
    0x1fffe11e   0x00000002   PAD
    0x1fffe120   0x0000001c   Code   RO          291    !!handler_zi        c_p.l(__scatter_zi.o)
    0x1fffe13c   0x00000002   Code   RO          157    .ARM.Collect$$libinit$$00000000  c_p.l(libinit.o)
    0x1fffe13e   0x00000000   Code   RO          171    .ARM.Collect$$libinit$$00000002  c_p.l(libinit2.o)
    0x1fffe13e   0x00000000   Code   RO          173    .ARM.Collect$$libinit$$00000004  c_p.l(libinit2.o)
    0x1fffe13e   0x00000000   Code   RO          176    .ARM.Collect$$libinit$$0000000A  c_p.l(libinit2.o)
    0x1fffe13e   0x00000000   Code   RO          178    .ARM.Collect$$libinit$$0000000C  c_p.l(libinit2.o)
    0x1fffe13e   0x00000000   Code   RO          180    .ARM.Collect$$libinit$$0000000E  c_p.l(libinit2.o)
    0x1fffe13e   0x00000000   Code   RO          183    .ARM.Collect$$libinit$$00000011  c_p.l(libinit2.o)
    0x1fffe13e   0x00000000   Code   RO          185    .ARM.Collect$$libinit$$00000013  c_p.l(libinit2.o)
    0x1fffe13e   0x00000000   Code   RO          187    .ARM.Collect$$libinit$$00000015  c_p.l(libinit2.o)
    0x1fffe13e   0x00000000   Code   RO          189    .ARM.Collect$$libinit$$00000017  c_p.l(libinit2.o)
    0x1fffe13e   0x00000000   Code   RO          191    .ARM.Collect$$libinit$$00000019  c_p.l(libinit2.o)
    0x1fffe13e   0x00000000   Code   RO          193    .ARM.Collect$$libinit$$0000001B  c_p.l(libinit2.o)
    0x1fffe13e   0x00000000   Code   RO          195    .ARM.Collect$$libinit$$0000001D  c_p.l(libinit2.o)
    0x1fffe13e   0x00000000   Code   RO          197    .ARM.Collect$$libinit$$0000001F  c_p.l(libinit2.o)
    0x1fffe13e   0x00000000   Code   RO          199    .ARM.Collect$$libinit$$00000021  c_p.l(libinit2.o)
    0x1fffe13e   0x00000000   Code   RO          201    .ARM.Collect$$libinit$$00000023  c_p.l(libinit2.o)
    0x1fffe13e   0x00000000   Code   RO          203    .ARM.Collect$$libinit$$00000025  c_p.l(libinit2.o)
    0x1fffe13e   0x00000000   Code   RO          207    .ARM.Collect$$libinit$$0000002C  c_p.l(libinit2.o)
    0x1fffe13e   0x00000000   Code   RO          209    .ARM.Collect$$libinit$$0000002E  c_p.l(libinit2.o)
    0x1fffe13e   0x00000000   Code   RO          211    .ARM.Collect$$libinit$$00000030  c_p.l(libinit2.o)
    0x1fffe13e   0x00000000   Code   RO          213    .ARM.Collect$$libinit$$00000032  c_p.l(libinit2.o)
    0x1fffe13e   0x00000002   Code   RO          214    .ARM.Collect$$libinit$$00000033  c_p.l(libinit2.o)
    0x1fffe140   0x00000002   Code   RO          245    .ARM.Collect$$libshutdown$$00000000  c_p.l(libshutdown.o)
    0x1fffe142   0x00000000   Code   RO          272    .ARM.Collect$$libshutdown$$00000003  c_p.l(libshutdown2.o)
    0x1fffe142   0x00000000   Code   RO          275    .ARM.Collect$$libshutdown$$00000006  c_p.l(libshutdown2.o)
    0x1fffe142   0x00000000   Code   RO          278    .ARM.Collect$$libshutdown$$00000009  c_p.l(libshutdown2.o)
    0x1fffe142   0x00000000   Code   RO          280    .ARM.Collect$$libshutdown$$0000000B  c_p.l(libshutdown2.o)
    0x1fffe142   0x00000000   Code   RO          283    .ARM.Collect$$libshutdown$$0000000E  c_p.l(libshutdown2.o)
    0x1fffe142   0x00000002   Code   RO          284    .ARM.Collect$$libshutdown$$0000000F  c_p.l(libshutdown2.o)
    0x1fffe144   0x00000000   Code   RO          121    .ARM.Collect$$rtentry$$00000000  c_p.l(__rtentry.o)
    0x1fffe144   0x00000000   Code   RO          127    .ARM.Collect$$rtentry$$00000002  c_p.l(__rtentry2.o)
    0x1fffe144   0x00000006   Code   RO          139    .ARM.Collect$$rtentry$$00000004  c_p.l(__rtentry4.o)
    0x1fffe14a   0x00000000   Code   RO          129    .ARM.Collect$$rtentry$$00000009  c_p.l(__rtentry2.o)
    0x1fffe14a   0x00000004   Code   RO          130    .ARM.Collect$$rtentry$$0000000A  c_p.l(__rtentry2.o)
    0x1fffe14e   0x00000000   Code   RO          132    .ARM.Collect$$rtentry$$0000000C  c_p.l(__rtentry2.o)
    0x1fffe14e   0x00000008   Code   RO          133    .ARM.Collect$$rtentry$$0000000D  c_p.l(__rtentry2.o)
    0x1fffe156   0x00000002   Code   RO          162    .ARM.Collect$$rtexit$$00000000  c_p.l(rtexit.o)
    0x1fffe158   0x00000000   Code   RO          218    .ARM.Collect$$rtexit$$00000002  c_p.l(rtexit2.o)
    0x1fffe158   0x00000004   Code   RO          219    .ARM.Collect$$rtexit$$00000003  c_p.l(rtexit2.o)
    0x1fffe15c   0x00000006   Code   RO          220    .ARM.Collect$$rtexit$$00000004  c_p.l(rtexit2.o)
    0x1fffe162   0x00000002   PAD
    0x1fffe164   0x00000054   Code   RO            3    .text               main.o
    0x1fffe1b8   0x00000094   Code   RO           55    .text               gpio.o
    0x1fffe24c   0x00000050   Code   RO           79    .text               startup_mkl46z4.o
    0x1fffe29c   0x000001c0   Code   RO           85    .text               system_mkl46z4.o
    0x1fffe45c   0x0000015a   Code   RO          113    .text               c_p.l(aeabi_sdiv.o)
    0x1fffe5b6   0x00000006   Code   RO          117    .text               c_p.l(heapauxi.o)
    0x1fffe5bc   0x0000003e   Code   RO          143    .text               c_p.l(sys_stackheap_outer.o)
    0x1fffe5fa   0x0000000c   Code   RO          146    .text               c_p.l(exit.o)
    0x1fffe606   0x00000002   PAD
    0x1fffe608   0x00000008   Code   RO          158    .text               c_p.l(libspace.o)
    0x1fffe610   0x0000000c   Code   RO          215    .text               c_p.l(sys_exit.o)
    0x1fffe61c   0x00000002   Code   RO          234    .text               c_p.l(use_no_semi.o)
    0x1fffe61e   0x00000000   Code   RO          236    .text               c_p.l(indicate_semi.o)
    0x1fffe61e   0x0000001c   Code   RO          103    i.__ARM_common_switch8  system_mkl46z4.o
    0x1fffe63a   0x00000002   PAD
    0x1fffe63c   0x00000008   Data   RO           56    .constdata          gpio.o
    0x1fffe644   0x00000020   Data   RO          285    Region$$Table       anon$$obj.o


    Execution Region RW_IRAM1 (Base: 0x20004000, Size: 0x00000168, Max: 0x00002000, ABSOLUTE)

    Base Addr    Size         Type   Attr      Idx    E Section Name        Object

    0x20004000   0x00000004   Data   RW            4    .data               main.o
    0x20004004   0x00000004   Data   RW           86    .data               system_mkl46z4.o
    0x20004008   0x00000060   Zero   RW          159    .bss                c_p.l(libspace.o)
    0x20004068   0x00000000   Zero   RW           77    HEAP                startup_mkl46z4.o
    0x20004068   0x00000100   Zero   RW           76    STACK               startup_mkl46z4.o


==============================================================================

Image component sizes


      Code (inc. data)   RO Data    RW Data    ZI Data      Debug   Object Name

       148         20          8          0          0       1560   gpio.o
        84          8          0          4          0       5310   main.o
        80         36        192          0        256        664   startup_mkl46z4.o
       476         42          0          4          0       1273   system_mkl46z4.o

    ----------------------------------------------------------------------
       790        106        232          8        256       8807   Object Totals
         0          0         32          0          0          0   (incl. Generated)
         2          0          0          0          0          0   (incl. Padding)

    ----------------------------------------------------------------------

      Code (inc. data)   RO Data    RW Data    ZI Data      Debug   Library Member Name

         8          0          0          0          0         68   __main.o
         0          0          0          0          0          0   __rtentry.o
        12          0          0          0          0          0   __rtentry2.o
         6          0          0          0          0          0   __rtentry4.o
        60          8          0          0          0          0   __scatter.o
        26          0          0          0          0          0   __scatter_copy.o
        28          0          0          0          0          0   __scatter_zi.o
       346          0          0          0          0         92   aeabi_sdiv.o
        12          0          0          0          0         64   exit.o
         6          0          0          0          0        136   heapauxi.o
         0          0          0          0          0          0   indicate_semi.o
         2          0          0          0          0          0   libinit.o
         2          0          0          0          0          0   libinit2.o
         2          0          0          0          0          0   libshutdown.o
         2          0          0          0          0          0   libshutdown2.o
         8          4          0          0         96         68   libspace.o
         2          0          0          0          0          0   rtexit.o
        10          0          0          0          0          0   rtexit2.o
        12          4          0          0          0         60   sys_exit.o
        62          0          0          0          0         80   sys_stackheap_outer.o
         2          0          0          0          0         68   use_no_semi.o

    ----------------------------------------------------------------------
       614         16          0          0         96        636   Library Totals
         6          0          0          0          0          0   (incl. Padding)

    ----------------------------------------------------------------------

      Code (inc. data)   RO Data    RW Data    ZI Data      Debug   Library Name

       608         16          0          0         96        636   c_p.l

    ----------------------------------------------------------------------
       614         16          0          0         96        636   Library Totals

    ----------------------------------------------------------------------

==============================================================================


      Code (inc. data)   RO Data    RW Data    ZI Data      Debug   

      1404        122        232          8        352       9123   Grand Totals
      1404        122        232          8        352       9123   ELF Image Totals
      1404        122        232          8          0          0   ROM Totals

==============================================================================

    Total RO  Size (Code + RO Data)                 1636 (   1.60kB)
    Total RW  Size (RW Data + ZI Data)               360 (   0.35kB)
    Total ROM Size (Code + RO Data + RW Data)       1644 (   1.61kB)

==============================================================================

