<html>
<body>
<pre>
<h1>µVision Build Log</h1>
<h2>Tool Versions:</h2>
IDE-Version: µVision V5.12.0.0
Copyright (C) 2014 ARM Ltd and ARM Germany GmbH. All rights reserved.
License Information: nguyen phu, uit, LIC=FYKJJ-UQYYD-0N1AM-XU47U-VTY58-HT3FN
 
Tool Versions:
Toolchain:       MDK-ARM Standard  Version: 5.12.0.0
Toolchain Path:  C:\Keil_v5\ARM\ARMCC\Bin
C Compiler:      Armcc.exe V5.05 (build 41)
Assembler:       Armasm.exe V5.05 (build 41)
Linker/Locator:  ArmLink.exe V5.05 (build 41)
Library Manager: ArmAr.exe V5.05 (build 41)
Hex Converter:   FromElf.exe V5.05 (build 41)
CPU DLL:         SARMCM3.DLL V5.12.0.0
Dialog DLL:      DARMCM1.DLL V1.11.00.0
    Target DLL: PEMicro\Pemicro_ArmCortexInterface.dll
Dialog DLL:      TARMCM1.DLL V1.08.00.0
 
<h2>Project:</h2>
E:\FPT Global Sofware Talent\Project2\As12\gpio_frdmkl46.uvproj
Project File Date:  08/06/2015

<h2>Output:</h2>
Build target 'MKL46Z256xxx4'
compiling mqx_tasks.c...
linking...
Program Size: Code=16436 RO-data=744 RW-data=36 ZI-data=6096  
".\UVBuild\gpio_frdmkl46.axf" - 0 Error(s), 0 Warning(s).
Load "E:\\FPT Global Sofware Talent\\Project2\\As12\\UVBuild\\gpio_frdmkl46.axf" 
</pre>
</body>
</html>
