<html>
<body>
<pre>
<h1>µVision Build Log</h1>
<h2>Tool Versions:</h2>
IDE-Version: µVision V5.12.0.0
Copyright (C) 2014 ARM Ltd and ARM Germany GmbH. All rights reserved.
License Information: nguyen phu, uit, LIC=FYKJJ-UQYYD-0N1AM-XU47U-VTY58-HT3FN
 
Tool Versions:
Toolchain:       MDK-ARM Standard  Version: 5.12.0.0
Toolchain Path:  C:\Keil_v5\ARM\ARMCC\Bin
C Compiler:      Armcc.exe V5.05 (build 41)
Assembler:       Armasm.exe V5.05 (build 41)
Linker/Locator:  ArmLink.exe V5.05 (build 41)
Library Manager: ArmAr.exe V5.05 (build 41)
Hex Converter:   FromElf.exe V5.05 (build 41)
CPU DLL:         SARMCM3.DLL V5.12.0.0
Dialog DLL:      DARMCM1.DLL V1.11.00.0
    Target DLL: PEMicro\Pemicro_ArmCortexInterface.dll
Dialog DLL:      TARMCM1.DLL V1.08.00.0
 
<h2>Project:</h2>
E:\FPT Global Sofware Talent\Project2\As14\lwtimer_frdmkl46.uvprojx
Project File Date:  08/12/2015

<h2>Output:</h2>
Build target 'MKL46Z256xxx4'
compiling mqx_tasks.c...
Sources\mqx_tasks.c(49): warning:  #68-D: integer conversion resulted in a change of sign
  uint32_t count = -1; //declare counter
Sources\mqx_tasks.c(95): warning:  #177-D: variable "off_timer" was declared but never referenced
         LWTIMER_STRUCT         off_timer; 
Sources\mqx_tasks.c: 2 warnings, 0 errors
linking...
Program Size: Code=14536 RO-data=628 RW-data=36 ZI-data=5640  
".\UVBuild\lwtimer_frdmkl46.axf" - 0 Error(s), 2 Warning(s).

<h2>Collection of Component include folders:</h2>
  E:\FPT Global Sofware Talent\Project2\As14\RTE
  C:\Keil_v5\ARM\PACK\Keil\Kinetis_KLxx_DFP\1.4.0\Device\Include

<h2>Collection of Component Files used:</h2>
Load "E:\\FPT Global Sofware Talent\\Project2\\As14\\UVBuild\\lwtimer_frdmkl46.axf" 
</pre>
</body>
</html>
